Component: ARM Compiler 5.06 update 1 (build 61) Tool: armlink [4d35a8]

==============================================================================

Section Cross References

    main.o(.text) refers to lcd.o(.text) for LCD_Clear
    main.o(.text) refers to touch.o(.text) for TP_Draw_Big_Point
    main.o(.text) refers to text.o(.text) for OLED_Show_Font
    main.o(.text) refers to key.o(.text) for KEY_Scan
    main.o(.text) refers to os_mbox.o(.text) for OSMboxPost
    main.o(.text) refers to delay.o(.text) for delay_ms
    main.o(.text) refers to os_task.o(.text) for OSTaskSuspend
    main.o(.text) refers to lcd.o(.data) for POINT_COLOR
    main.o(.text) refers to lcd.o(.bss) for lcddev
    main.o(.text) refers to main.o(.data) for msg_key
    main.o(.text) refers to touch.o(.data) for tp_dev
    main.o(.text) refers to pwm.o(.text) for TIM1_PWM_Init
    main.o(.text) refers to stm32f10x_tim.o(.text) for TIM_SetCompare1
    main.o(.text) refers to os_sem.o(.text) for OSSemCreate
    main.o(.text) refers to os_core.o(.text) for OSStatInit
    main.o(.text) refers to os_cpu_a.o(.text) for OS_CPU_SR_Save
    main.o(.text) refers to usart.o(.text) for uart_init
    main.o(.text) refers to misc.o(.text) for NVIC_PriorityGroupConfig
    main.o(.text) refers to led.o(.text) for LED_Init
    main.o(.text) refers to rand.o(.text) for srand
    main.o(.text) refers to image2lcd.o(.text) for image_display
    main.o(.text) refers to main.o(.bss) for BUZZER_TASK_STK
    main.o(.text) refers to image1.o(.constdata) for gImage_image1
    system_stm32f10x.o(.text) refers to system_stm32f10x.o(.data) for SystemCoreClock
    led.o(.text) refers to stm32f10x_rcc.o(.text) for RCC_APB2PeriphClockCmd
    led.o(.text) refers to stm32f10x_gpio.o(.text) for GPIO_Init
    myiic.o(.text) refers to stm32f10x_rcc.o(.text) for RCC_APB2PeriphClockCmd
    myiic.o(.text) refers to stm32f10x_gpio.o(.text) for GPIO_Init
    myiic.o(.text) refers to delay.o(.text) for delay_us
    key.o(.text) refers to stm32f10x_rcc.o(.text) for RCC_APB2PeriphClockCmd
    key.o(.text) refers to stm32f10x_gpio.o(.text) for GPIO_PinRemapConfig
    key.o(.text) refers to delay.o(.text) for delay_ms
    key.o(.text) refers to key.o(.data) for key_up
    lcd.o(.text) refers to _printf_percent.o(.ARM.Collect$$_printf_percent$$00000000) for _printf_percent
    lcd.o(.text) refers to _printf_x.o(.ARM.Collect$$_printf_percent$$0000000C) for _printf_x
    lcd.o(.text) refers to _printf_hex_int.o(.text) for _printf_longlong_hex
    lcd.o(.text) refers to delay.o(.text) for delay_us
    lcd.o(.text) refers to lcd.o(.bss) for lcddev
    lcd.o(.text) refers to dflt_clz.o(x$fpl$dfltu) for __aeabi_ui2d
    lcd.o(.text) refers to dmul.o(x$fpl$dmul) for __aeabi_dmul
    lcd.o(.text) refers to dfixu.o(x$fpl$dfixu) for __aeabi_d2uiz
    lcd.o(.text) refers to lcd.o(.data) for POINT_COLOR
    lcd.o(.text) refers to stm32f10x_rcc.o(.text) for RCC_APB2PeriphClockCmd
    lcd.o(.text) refers to stm32f10x_gpio.o(.text) for GPIO_PinRemapConfig
    lcd.o(.text) refers to noretval__2printf.o(.text) for __2printf
    lcd.o(.text) refers to lcd.o(.constdata) for asc2_1206
    ctiic.o(.text) refers to delay.o(.text) for delay_us
    ft5206.o(.text) refers to _printf_percent.o(.ARM.Collect$$_printf_percent$$00000000) for _printf_percent
    ft5206.o(.text) refers to _printf_x.o(.ARM.Collect$$_printf_percent$$0000000C) for _printf_x
    ft5206.o(.text) refers to _printf_hex_int.o(.text) for _printf_longlong_hex
    ft5206.o(.text) refers to ctiic.o(.text) for CT_IIC_Start
    ft5206.o(.text) refers to stm32f10x_rcc.o(.text) for RCC_APB2PeriphClockCmd
    ft5206.o(.text) refers to stm32f10x_gpio.o(.text) for GPIO_Init
    ft5206.o(.text) refers to delay.o(.text) for delay_ms
    ft5206.o(.text) refers to noretval__2printf.o(.text) for __2printf
    ft5206.o(.text) refers to ft5206.o(.data) for t
    ft5206.o(.text) refers to touch.o(.data) for tp_dev
    ft5206.o(.text) refers to ft5206.o(.constdata) for FT5206_TPX_TBL
    gt9147.o(.text) refers to _printf_percent.o(.ARM.Collect$$_printf_percent$$00000000) for _printf_percent
    gt9147.o(.text) refers to _printf_s.o(.ARM.Collect$$_printf_percent$$00000014) for _printf_s
    gt9147.o(.text) refers to _printf_str.o(.text) for _printf_str
    gt9147.o(.text) refers to _printf_d.o(.ARM.Collect$$_printf_percent$$00000009) for _printf_d
    gt9147.o(.text) refers to _printf_dec.o(.text) for _printf_int_dec
    gt9147.o(.text) refers to ctiic.o(.text) for CT_IIC_Start
    gt9147.o(.text) refers to stm32f10x_rcc.o(.text) for RCC_APB2PeriphClockCmd
    gt9147.o(.text) refers to stm32f10x_gpio.o(.text) for GPIO_Init
    gt9147.o(.text) refers to delay.o(.text) for delay_ms
    gt9147.o(.text) refers to noretval__2printf.o(.text) for __2printf
    gt9147.o(.text) refers to strcmpv7m.o(.text) for strcmp
    gt9147.o(.text) refers to gt9147.o(.constdata) for GT9147_CFG_TBL
    gt9147.o(.text) refers to gt9147.o(.data) for t
[...]
    _atexit_init                              - Undefined Weak Reference
    _call_atexit_fns                          - Undefined Weak Reference
    _clock_init                               - Undefined Weak Reference
    _fp_trap_init                             - Undefined Weak Reference
    _fp_trap_shutdown                         - Undefined Weak Reference
    _get_lc_collate                           - Undefined Weak Reference
    _get_lc_ctype                             - Undefined Weak Reference
    _get_lc_monetary                          - Undefined Weak Reference
    _get_lc_numeric                           - Undefined Weak Reference
    _get_lc_time                              - Undefined Weak Reference
    _getenv_init                              - Undefined Weak Reference
    _handle_redirection                       - Undefined Weak Reference
    _init_alloc                               - Undefined Weak Reference
    _init_user_alloc                          - Undefined Weak Reference
    _initio                                   - Undefined Weak Reference
    _mutex_acquire                            - Undefined Weak Reference
    _mutex_release                            - Undefined Weak Reference
    _printf_mbtowc                            - Undefined Weak Reference
    _printf_post_padding                      - Undefined Weak Reference
    _printf_pre_padding                       - Undefined Weak Reference
    _printf_truncate_signed                   - Undefined Weak Reference
    _printf_truncate_unsigned                 - Undefined Weak Reference
    _signal_finish                            - Undefined Weak Reference
    _signal_init                              - Undefined Weak Reference
    _terminate_alloc                          - Undefined Weak Reference
    _terminate_user_alloc                     - Undefined Weak Reference
    _terminateio                              - Undefined Weak Reference
    __Vectors_Size                           0x00000130   Number         0  startup_stm32f10x_hd.o ABSOLUTE
    __Vectors                                0x08000000   Data           4  startup_stm32f10x_hd.o(RESET)
    __Vectors_End                            0x08000130   Data           0  startup_stm32f10x_hd.o(RESET)
    __main                                   0x08000131   Thumb Code     8  __main.o(!!!main)
    __scatterload                            0x08000139   Thumb Code     0  __scatter.o(!!!scatter)
    __scatterload_rt2                        0x08000139   Thumb Code    44  __scatter.o(!!!scatter)
    __scatterload_rt2_thumb_only             0x08000139   Thumb Code     0  __scatter.o(!!!scatter)
    __scatterload_null                       0x08000147   Thumb Code     0  __scatter.o(!!!scatter)
    __scatterload_copy                       0x0800016d   Thumb Code    26  __scatter_copy.o(!!handler_copy)
    __scatterload_zeroinit                   0x08000189   Thumb Code    28  __scatter_zi.o(!!handler_zi)
    _printf_d                                0x080001a5   Thumb Code     0  _printf_d.o(.ARM.Collect$$_printf_percent$$00000009)
    _printf_percent                          0x080001a5   Thumb Code     0  _printf_percent.o(.ARM.Collect$$_printf_percent$$00000000)
    _printf_x                                0x080001ab   Thumb Code     0  _printf_x.o(.ARM.Collect$$_printf_percent$$0000000C)
    _printf_s                                0x080001b1   Thumb Code     0  _printf_s.o(.ARM.Collect$$_printf_percent$$00000014)
    _printf_percent_end                      0x080001b7   Thumb Code     0  _printf_percent_end.o(.ARM.Collect$$_printf_percent$$00000017)
    __rt_lib_init                            0x080001bb   Thumb Code     0  libinit.o(.ARM.Collect$$libinit$$00000000)
    __rt_lib_init_fp_1                       0x080001bd   Thumb Code     0  libinit2.o(.ARM.Collect$$libinit$$00000002)
    __rt_lib_init_heap_1                     0x080001bd   Thumb Code     0  libinit2.o(.ARM.Collect$$libinit$$0000000A)
    __rt_lib_init_preinit_1                  0x080001bd   Thumb Code     0  libinit2.o(.ARM.Collect$$libinit$$00000004)
    __rt_lib_init_rand_2                     0x080001bd   Thumb Code     0  libinit2.o(.ARM.Collect$$libinit$$0000000D)
    __rt_lib_init_user_alloc_1               0x080001bd   Thumb Code     0  libinit2.o(.ARM.Collect$$libinit$$0000000C)
    __rt_lib_init_alloca_1                   0x080001c1   Thumb Code     0  libinit2.o(.ARM.Collect$$libinit$$0000002E)
    __rt_lib_init_argv_1                     0x080001c1   Thumb Code     0  libinit2.o(.ARM.Collect$$libinit$$0000002C)
    __rt_lib_init_atexit_1                   0x080001c1   Thumb Code     0  libinit2.o(.ARM.Collect$$libinit$$0000001B)
    __rt_lib_init_clock_1                    0x080001c1   Thumb Code     0  libinit2.o(.ARM.Collect$$libinit$$00000021)
    __rt_lib_init_cpp_1                      0x080001c1   Thumb Code     0  libinit2.o(.ARM.Collect$$libinit$$00000032)
    __rt_lib_init_exceptions_1               0x080001c1   Thumb Code     0  libinit2.o(.ARM.Collect$$libinit$$00000030)
    __rt_lib_init_fp_trap_1                  0x080001c1   Thumb Code     0  libinit2.o(.ARM.Collect$$libinit$$0000001F)
    __rt_lib_init_getenv_1                   0x080001c1   Thumb Code     0  libinit2.o(.ARM.Collect$$libinit$$00000023)
    __rt_lib_init_lc_collate_1               0x080001c1   Thumb Code     0  libinit2.o(.ARM.Collect$$libinit$$00000011)
    __rt_lib_init_lc_ctype_1                 0x080001c1   Thumb Code     0  libinit2.o(.ARM.Collect$$libinit$$00000013)
    __rt_lib_init_lc_monetary_1              0x080001c1   Thumb Code     0  libinit2.o(.ARM.Collect$$libinit$$00000015)
    __rt_lib_init_lc_numeric_1               0x080001c1   Thumb Code     0  libinit2.o(.ARM.Collect$$libinit$$00000017)
    __rt_lib_init_lc_time_1                  0x080001c1   Thumb Code     0  libinit2.o(.ARM.Collect$$libinit$$00000019)
    __rt_lib_init_rand_1                     0x080001c1   Thumb Code     0  libinit2.o(.ARM.Collect$$libinit$$0000000E)
    __rt_lib_init_return                     0x080001c1   Thumb Code     0  libinit2.o(.ARM.Collect$$libinit$$00000033)
    __rt_lib_init_signal_1                   0x080001c1   Thumb Code     0  libinit2.o(.ARM.Collect$$libinit$$0000001D)
    __rt_lib_init_stdio_1                    0x080001c1   Thumb Code     0  libinit2.o(.ARM.Collect$$libinit$$00000025)
    __rt_lib_shutdown                        0x080001c3   Thumb Code     0  libshutdown.o(.ARM.Collect$$libshutdown$$00000000)
    __rt_lib_shutdown_cpp_1                  0x080001c5   Thumb Code     0  libshutdown2.o(.ARM.Collect$$libshutdown$$00000002)
    __rt_lib_shutdown_fp_trap_1              0x080001c5   Thumb Code     0  libshutdown2.o(.ARM.Collect$$libshutdown$$00000007)
    __rt_lib_shutdown_heap_1                 0x080001c5   Thumb Code     0  libshutdown2.o(.ARM.Collect$$libshutdown$$0000000F)
    __rt_lib_shutdown_return                 0x080001c5   Thumb Code     0  libshutdown2.o(.ARM.Collect$$libshutdown$$00000010)
    __rt_lib_shutdown_signal_1               0x080001c5   Thumb Code     0  libshutdown2.o(.ARM.Collect$$libshutdown$$0000000A)
    __rt_lib_shutdown_stdio_1                0x080001c5   Thumb Code     0  libshutdown2.o(.ARM.Collect$$libshutdown$$00000004)
    __rt_lib_shutdown_user_alloc_1           0x080001c5   Thumb Code     0  libshutdown2.o(.ARM.Collect$$libshutdown$$0000000C)
    __rt_entry                               0x080001c7   Thumb Code     0  __rtentry.o(.ARM.Collect$$rtentry$$00000000)
    __rt_entry_presh_1                       0x080001c7   Thumb Code     0  __rtentry2.o(.ARM.Collect$$rtentry$$00000002)
    __rt_entry_sh                            0x080001c7   Thumb Code     0  __rtentry4.o(.ARM.Collect$$rtentry$$00000004)
    __rt_entry_li                            0x080001cd   Thumb Code     0  __rtentry2.o(.ARM.Collect$$rtentry$$0000000A)
    __rt_entry_postsh_1                      0x080001cd   Thumb Code     0  __rtentry2.o(.ARM.Collect$$rtentry$$00000009)
    __rt_entry_main                          0x080001d1   Thumb Code     0  __rtentry2.o(.ARM.Collect$$rtentry$$0000000D)
    __rt_entry_postli_1                      0x080001d1   Thumb Code     0  __rtentry2.o(.ARM.Collect$$rtentry$$0000000C)
    __rt_exit                                0x080001d9   Thumb Code     0  rtexit.o(.ARM.Collect$$rtexit$$00000000)
    __rt_exit_ls                             0x080001db   Thumb Code     0  rtexit2.o(.ARM.Collect$$rtexit$$00000003)
    __rt_exit_prels_1                        0x080001db   Thumb Code     0  rtexit2.o(.ARM.Collect$$rtexit$$00000002)
    __rt_exit_exit                           0x080001df   Thumb Code     0  rtexit2.o(.ARM.Collect$$rtexit$$00000004)
    ucos_load_main_ui                        0x080001e5   Thumb Code   540  main.o(.text)
    key_task                                 0x08000401   Thumb Code    30  main.o(.text)
    main_task                                0x0800041f   Thumb Code   122  main.o(.text)
    touch_task                               0x08000499   Thumb Code  1886  main.o(.text)
    buzzer_task                              0x08000bf7   Thumb Code    68  main.o(.text)
    start_task                               0x08000c3b   Thumb Code   118  main.o(.text)
    main                                     0x08000cb1   Thumb Code   102  main.o(.text)
    led1_task                                0x08000d17   Thumb Code    30  main.o(.text)
    NMI_Handler                              0x08000d71   Thumb Code     2  stm32f10x_it.o(.text)
    HardFault_Handler                        0x08000d73   Thumb Code     4  stm32f10x_it.o(.text)
    MemManage_Handler                        0x08000d77   Thumb Code     4  stm32f10x_it.o(.text)
    BusFault_Handler                         0x08000d7b   Thumb Code     4  stm32f10x_it.o(.text)
    UsageFault_Handler                       0x08000d7f   Thumb Code     4  stm32f10x_it.o(.text)
    SVC_Handler                              0x08000d83   Thumb Code     2  stm32f10x_it.o(.text)
    DebugMon_Handler                         0x08000d85   Thumb Code     2  stm32f10x_it.o(.text)
    SystemInit                               0x08000e67   Thumb Code    78  system_stm32f10x.o(.text)
    SystemCoreClockUpdate                    0x08000eb5   Thumb Code   142  system_stm32f10x.o(.text)
    LED_Init                                 0x08000f69   Thumb Code    72  led.o(.text)
    IIC_Init                                 0x08000fb9   Thumb Code    52  myiic.o(.text)
    IIC_Start                                0x08000fed   Thumb Code    68  myiic.o(.text)
    IIC_Stop                                 0x08001031   Thumb Code    62  myiic.o(.text)
    IIC_Wait_Ack                             0x0800106f   Thumb Code    86  myiic.o(.text)
    IIC_Ack                                  0x080010c5   Thumb Code    66  myiic.o(.text)
    IIC_NAck                                 0x08001107   Thumb Code    66  myiic.o(.text)
    IIC_Send_Byte                            0x08001149   Thumb Code    90  myiic.o(.text)
    IIC_Read_Byte                            0x080011a3   Thumb Code    98  myiic.o(.text)
    KEY_Init                                 0x08001211   Thumb Code    82  key.o(.text)
    KEY_Scan                                 0x08001263   Thumb Code   154  key.o(.text)
    LCD_WR_REG                               0x0800130d   Thumb Code    28  lcd.o(.text)
    LCD_WR_DATAX                             0x08001329   Thumb Code    28  lcd.o(.text)
    LCD_RD_DATA                              0x08001345   Thumb Code    98  lcd.o(.text)
    LCD_WriteReg                             0x080013a7   Thumb Code    40  lcd.o(.text)
    LCD_ReadReg                              0x080013cf   Thumb Code    16  lcd.o(.text)
    LCD_WriteRAM_Prepare                     0x080013df   Thumb Code    12  lcd.o(.text)
    LCD_WriteRAM                             0x080013eb   Thumb Code    28  lcd.o(.text)
    LCD_BGR2RGB                              0x08001407   Thumb Code    26  lcd.o(.text)
    opt_delay                                0x08001421   Thumb Code    14  lcd.o(.text)
    LCD_SetCursor                            0x0800142f   Thumb Code   956  lcd.o(.text)
    LCD_ReadPoint                            0x080017eb   Thumb Code   506  lcd.o(.text)
    LCD_DisplayOn                            0x080019e5   Thumb Code    92  lcd.o(.text)
    LCD_DisplayOff                           0x08001a41   Thumb Code    90  lcd.o(.text)
    LCD_Scan_Dir                             0x08001a9b   Thumb Code  1126  lcd.o(.text)
    LCD_DrawPoint                            0x08001f01   Thumb Code    52  lcd.o(.text)
    LCD_Fast_DrawPoint                       0x08001f35   Thumb Code   854  lcd.o(.text)
    LCD_SSD_BackLightSet                     0x0800228b   Thumb Code   220  lcd.o(.text)
    LCD_Display_Dir                          0x08002367   Thumb Code   444  lcd.o(.text)
    LCD_Set_Window                           0x08002523   Thumb Code  1078  lcd.o(.text)
    LCD_Clear                                0x08002959   Thumb Code   122  lcd.o(.text)
    LCD_Init                                 0x080029d3   Thumb Code 15298  lcd.o(.text)
    LCD_Fill                                 0x08006595   Thumb Code   200  lcd.o(.text)
    LCD_Color_Fill                           0x0800665d   Thumb Code   116  lcd.o(.text)
    LCD_DrawLine                             0x080066d1   Thumb Code   176  lcd.o(.text)
    LCD_DrawRectangle                        0x08006781   Thumb Code    60  lcd.o(.text)
    LCD_Draw_Circle                          0x080067bd   Thumb Code   152  lcd.o(.text)
    LCD_ShowChar                             0x08006855   Thumb Code   272  lcd.o(.text)
    LCD_Pow                                  0x08006965   Thumb Code    22  lcd.o(.text)
    LCD_ShowNum                              0x0800697b   Thumb Code   180  lcd.o(.text)
    LCD_ShowxNum                             0x08006a2f   Thumb Code   190  lcd.o(.text)
    LCD_ShowString                           0x08006aed   Thumb Code   102  lcd.o(.text)
    CT_Delay                                 0x08006b55   Thumb Code    10  ctiic.o(.text)
    CT_IIC_Init                              0x08006b5f   Thumb Code    62  ctiic.o(.text)
    CT_IIC_Start                             0x08006b9d   Thumb Code    60  ctiic.o(.text)
    CT_IIC_Stop                              0x08006bd9   Thumb Code    64  ctiic.o(.text)
    CT_IIC_Wait_Ack                          0x08006c19   Thumb Code    86  ctiic.o(.text)
    CT_IIC_Ack                               0x08006c6f   Thumb Code    66  ctiic.o(.text)
    CT_IIC_NAck                              0x08006cb1   Thumb Code    66  ctiic.o(.text)
    CT_IIC_Send_Byte                         0x08006cf3   Thumb Code    82  ctiic.o(.text)
    CT_IIC_Read_Byte                         0x08006d45   Thumb Code    94  ctiic.o(.text)
    FT5206_WR_Reg                            0x08006db5   Thumb Code    82  ft5206.o(.text)
    FT5206_RD_Reg                            0x08006e07   Thumb Code    88  ft5206.o(.text)
    FT5206_Init                              0x08006e5f   Thumb Code   214  ft5206.o(.text)
    FT5206_Scan                              0x08006f35   Thumb Code   400  ft5206.o(.text)
    GT9147_WR_Reg                            0x080070e9   Thumb Code    92  gt9147.o(.text)
    GT9147_Send_Cfg                          0x08007145   Thumb Code    86  gt9147.o(.text)
    GT9147_RD_Reg                            0x0800719b   Thumb Code    98  gt9147.o(.text)
    GT9147_Init                              0x080071fd   Thumb Code   242  gt9147.o(.text)
    GT9147_Scan                              0x080072ef   Thumb Code   408  gt9147.o(.text)
    OTT2001A_WR_Reg                          0x080074cd   Thumb Code    92  ott2001a.o(.text)
    OTT2001A_RD_Reg                          0x08007529   Thumb Code    98  ott2001a.o(.text)
    OTT2001A_SensorControl                   0x0800758b   Thumb Code    28  ott2001a.o(.text)
    OTT2001A_Init                            0x080075a7   Thumb Code   156  ott2001a.o(.text)
    OTT2001A_Scan                            0x08007643   Thumb Code   446  ott2001a.o(.text)
    TP_Write_Byte                            0x08007839   Thumb Code    56  touch.o(.text)
    TP_Read_AD                               0x08007871   Thumb Code   132  touch.o(.text)
    TP_Read_XOY                              0x080078f5   Thumb Code   120  touch.o(.text)
    TP_Read_XY                               0x0800796d   Thumb Code    38  touch.o(.text)
    TP_Read_XY2                              0x08007993   Thumb Code   192  touch.o(.text)
    TP_Drow_Touch_Point                      0x08007a53   Thumb Code   108  touch.o(.text)
    TP_Draw_Big_Point                        0x08007abf   Thumb Code    54  touch.o(.text)
    TP_Scan                                  0x08007af5   Thumb Code   264  touch.o(.text)
    TP_Save_Adjdata                          0x08007bfd   Thumb Code   146  touch.o(.text)
    TP_Get_Adjdata                           0x08007c8f   Thumb Code   152  touch.o(.text)
    TP_Adj_Info_Show                         0x08007d27   Thumb Code   376  touch.o(.text)
    TP_Adjust                                0x08007e9f   Thumb Code  1250  touch.o(.text)
    TP_Init                                  0x08008381   Thumb Code   348  touch.o(.text)
    AT24CXX_Init                             0x080084dd   Thumb Code     8  24cxx.o(.text)
    AT24CXX_ReadOneByte                      0x080084e5   Thumb Code    88  24cxx.o(.text)
    AT24CXX_WriteOneByte                     0x0800853d   Thumb Code    80  24cxx.o(.text)
    AT24CXX_WriteLenByte                     0x0800858d   Thumb Code    42  24cxx.o(.text)
    AT24CXX_ReadLenByte                      0x080085b7   Thumb Code    44  24cxx.o(.text)
    AT24CXX_Check                            0x080085e3   Thumb Code    46  24cxx.o(.text)
    AT24CXX_Read                             0x08008611   Thumb Code    34  24cxx.o(.text)
    AT24CXX_Write                            0x08008633   Thumb Code    36  24cxx.o(.text)
    TIM1_PWM_Init                            0x08008659   Thumb Code   144  pwm.o(.text)
    delay_osschedlock                        0x080086f1   Thumb Code     8  delay.o(.text)
    delay_osschedunlock                      0x080086f9   Thumb Code     8  delay.o(.text)
    delay_ostimedly                          0x08008701   Thumb Code    12  delay.o(.text)
    SysTick_Handler                          0x0800870d   Thumb Code    24  delay.o(.text)
    delay_init                               0x08008725   Thumb Code    76  delay.o(.text)
    delay_us                                 0x08008771   Thumb Code    86  delay.o(.text)
    delay_ms                                 0x080087c7   Thumb Code    66  delay.o(.text)
    _sys_exit                                0x08008821   Thumb Code     6  usart.o(.text)
    fputc                                    0x08008827   Thumb Code    24  usart.o(.text)
    uart_init                                0x0800883f   Thumb Code   152  usart.o(.text)
    USART1_IRQHandler                        0x080088d7   Thumb Code   130  usart.o(.text)
    Reset_Handler                            0x08008969   Thumb Code     8  startup_stm32f10x_hd.o(.text)
    ADC1_2_IRQHandler                        0x08008983   Thumb Code     0  startup_stm32f10x_hd.o(.text)
    ADC3_IRQHandler                          0x08008983   Thumb Code     0  startup_stm32f10x_hd.o(.text)
    CAN1_RX1_IRQHandler                      0x08008983   Thumb Code     0  startup_stm32f10x_hd.o(.text)
    CAN1_SCE_IRQHandler                      0x08008983   Thumb Code     0  startup_stm32f10x_hd.o(.text)
    DMA1_Channel1_IRQHandler                 0x08008983   Thumb Code     0  startup_stm32f10x_hd.o(.text)
    DMA1_Channel2_IRQHandler                 0x08008983   Thumb Code     0  startup_stm32f10x_hd.o(.text)
    DMA1_Channel3_IRQHandler                 0x08008983   Thumb Code     0  startup_stm32f10x_hd.o(.text)
    DMA1_Channel4_IRQHandler                 0x08008983   Thumb Code     0  startup_stm32f10x_hd.o(.text)
    DMA1_Channel5_IRQHandler                 0x08008983   Thumb Code     0  startup_stm32f10x_hd.o(.text)
    DMA1_Channel6_IRQHandler                 0x08008983   Thumb Code     0  startup_stm32f10x_hd.o(.text)
    DMA1_Channel7_IRQHandler                 0x08008983   Thumb Code     0  startup_stm32f10x_hd.o(.text)
    DMA2_Channel1_IRQHandler                 0x08008983   Thumb Code     0  startup_stm32f10x_hd.o(.text)
    DMA2_Channel2_IRQHandler                 0x08008983   Thumb Code     0  startup_stm32f10x_hd.o(.text)
    DMA2_Channel3_IRQHandler                 0x08008983   Thumb Code     0  startup_stm32f10x_hd.o(.text)
    DMA2_Channel4_5_IRQHandler               0x08008983   Thumb Code     0  startup_stm32f10x_hd.o(.text)
    EXTI0_IRQHandler                         0x08008983   Thumb Code     0  startup_stm32f10x_hd.o(.text)
    EXTI15_10_IRQHandler                     0x08008983   Thumb Code     0  startup_stm32f10x_hd.o(.text)
    EXTI1_IRQHandler                         0x08008983   Thumb Code     0  startup_stm32f10x_hd.o(.text)
    EXTI2_IRQHandler                         0x08008983   Thumb Code     0  startup_stm32f10x_hd.o(.text)
    EXTI3_IRQHandler                         0x08008983   Thumb Code     0  startup_stm32f10x_hd.o(.text)
    EXTI4_IRQHandler                         0x08008983   Thumb Code     0  startup_stm32f10x_hd.o(.text)
    EXTI9_5_IRQHandler                       0x08008983   Thumb Code     0  startup_stm32f10x_hd.o(.text)
    FLASH_IRQHandler                         0x08008983   Thumb Code     0  startup_stm32f10x_hd.o(.text)
    FSMC_IRQHandler                          0x08008983   Thumb Code     0  startup_stm32f10x_hd.o(.text)
    I2C1_ER_IRQHandler                       0x08008983   Thumb Code     0  startup_stm32f10x_hd.o(.text)
    I2C1_EV_IRQHandler                       0x08008983   Thumb Code     0  startup_stm32f10x_hd.o(.text)
    I2C2_ER_IRQHandler                       0x08008983   Thumb Code     0  startup_stm32f10x_hd.o(.text)
    I2C2_EV_IRQHandler                       0x08008983   Thumb Code     0  startup_stm32f10x_hd.o(.text)
    PVD_IRQHandler                           0x08008983   Thumb Code     0  startup_stm32f10x_hd.o(.text)
    RCC_IRQHandler                           0x08008983   Thumb Code     0  startup_stm32f10x_hd.o(.text)
    RTCAlarm_IRQHandler                      0x08008983   Thumb Code     0  startup_stm32f10x_hd.o(.text)
    RTC_IRQHandler                           0x08008983   Thumb Code     0  startup_stm32f10x_hd.o(.text)
    SDIO_IRQHandler                          0x08008983   Thumb Code     0  startup_stm32f10x_hd.o(.text)
    SPI1_IRQHandler                          0x08008983   Thumb Code     0  startup_stm32f10x_hd.o(.text)
    SPI2_IRQHandler                          0x08008983   Thumb Code     0  startup_stm32f10x_hd.o(.text)
    SPI3_IRQHandler                          0x08008983   Thumb Code     0  startup_stm32f10x_hd.o(.text)
    TAMPER_IRQHandler                        0x08008983   Thumb Code     0  startup_stm32f10x_hd.o(.text)
    TIM1_BRK_IRQHandler                      0x08008983   Thumb Code     0  startup_stm32f10x_hd.o(.text)
    TIM1_CC_IRQHandler                       0x08008983   Thumb Code     0  startup_stm32f10x_hd.o(.text)
    TIM1_TRG_COM_IRQHandler                  0x08008983   Thumb Code     0  startup_stm32f10x_hd.o(.text)
    TIM1_UP_IRQHandler                       0x08008983   Thumb Code     0  startup_stm32f10x_hd.o(.text)
    TIM2_IRQHandler                          0x08008983   Thumb Code     0  startup_stm32f10x_hd.o(.text)
    TIM3_IRQHandler                          0x08008983   Thumb Code     0  startup_stm32f10x_hd.o(.text)
    TIM4_IRQHandler                          0x08008983   Thumb Code     0  startup_stm32f10x_hd.o(.text)
    TIM5_IRQHandler                          0x08008983   Thumb Code     0  startup_stm32f10x_hd.o(.text)
    TIM6_IRQHandler                          0x08008983   Thumb Code     0  startup_stm32f10x_hd.o(.text)
    TIM7_IRQHandler                          0x08008983   Thumb Code     0  startup_stm32f10x_hd.o(.text)
    TIM8_BRK_IRQHandler                      0x08008983   Thumb Code     0  startup_stm32f10x_hd.o(.text)
    TIM8_CC_IRQHandler                       0x08008983   Thumb Code     0  startup_stm32f10x_hd.o(.text)
    TIM8_TRG_COM_IRQHandler                  0x08008983   Thumb Code     0  startup_stm32f10x_hd.o(.text)
    TIM8_UP_IRQHandler                       0x08008983   Thumb Code     0  startup_stm32f10x_hd.o(.text)
    UART4_IRQHandler                         0x08008983   Thumb Code     0  startup_stm32f10x_hd.o(.text)
    UART5_IRQHandler                         0x08008983   Thumb Code     0  startup_stm32f10x_hd.o(.text)
    USART2_IRQHandler                        0x08008983   Thumb Code     0  startup_stm32f10x_hd.o(.text)
    USART3_IRQHandler                        0x08008983   Thumb Code     0  startup_stm32f10x_hd.o(.text)
    USBWakeUp_IRQHandler                     0x08008983   Thumb Code     0  startup_stm32f10x_hd.o(.text)
    USB_HP_CAN1_TX_IRQHandler                0x08008983   Thumb Code     0  startup_stm32f10x_hd.o(.text)
    USB_LP_CAN1_RX0_IRQHandler               0x08008983   Thumb Code     0  startup_stm32f10x_hd.o(.text)
    WWDG_IRQHandler                          0x08008983   Thumb Code     0  startup_stm32f10x_hd.o(.text)
    __user_initial_stackheap                 0x08008985   Thumb Code     0  startup_stm32f10x_hd.o(.text)
    GPIO_DeInit                              0x080089a9   Thumb Code   172  stm32f10x_gpio.o(.text)
    GPIO_AFIODeInit                          0x08008a55   Thumb Code    20  stm32f10x_gpio.o(.text)
    GPIO_Init                                0x08008a69   Thumb Code   278  stm32f10x_gpio.o(.text)
    GPIO_StructInit                          0x08008b7f   Thumb Code    16  stm32f10x_gpio.o(.text)
    GPIO_ReadInputDataBit                    0x08008b8f   Thumb Code    18  stm32f10x_gpio.o(.text)
    GPIO_ReadInputData                       0x08008ba1   Thumb Code     8  stm32f10x_gpio.o(.text)
    GPIO_ReadOutputDataBit                   0x08008ba9   Thumb Code    18  stm32f10x_gpio.o(.text)
    GPIO_ReadOutputData                      0x08008bbb   Thumb Code     8  stm32f10x_gpio.o(.text)
    GPIO_SetBits                             0x08008bc3   Thumb Code     4  stm32f10x_gpio.o(.text)
    GPIO_ResetBits                           0x08008bc7   Thumb Code     4  stm32f10x_gpio.o(.text)
    GPIO_WriteBit                            0x08008bcb   Thumb Code    10  stm32f10x_gpio.o(.text)
    GPIO_Write                               0x08008bd5   Thumb Code     4  stm32f10x_gpio.o(.text)
    GPIO_PinLockConfig                       0x08008bd9   Thumb Code    18  stm32f10x_gpio.o(.text)
    GPIO_EventOutputConfig                   0x08008beb   Thumb Code    26  stm32f10x_gpio.o(.text)
    GPIO_EventOutputCmd                      0x08008c05   Thumb Code     6  stm32f10x_gpio.o(.text)
    GPIO_PinRemapConfig                      0x08008c0b   Thumb Code   138  stm32f10x_gpio.o(.text)
    GPIO_EXTILineConfig                      0x08008c95   Thumb Code    66  stm32f10x_gpio.o(.text)
    GPIO_ETH_MediaInterfaceConfig            0x08008cd7   Thumb Code     8  stm32f10x_gpio.o(.text)
    RCC_DeInit                               0x08008d05   Thumb Code    64  stm32f10x_rcc.o(.text)
    RCC_HSEConfig                            0x08008d45   Thumb Code    70  stm32f10x_rcc.o(.text)
    RCC_GetFlagStatus                        0x08008d8b   Thumb Code    56  stm32f10x_rcc.o(.text)
    RCC_WaitForHSEStartUp                    0x08008dc3   Thumb Code    56  stm32f10x_rcc.o(.text)
    RCC_AdjustHSICalibrationValue            0x08008dfb   Thumb Code    20  stm32f10x_rcc.o(.text)
    RCC_HSICmd                               0x08008e0f   Thumb Code     6  stm32f10x_rcc.o(.text)
    RCC_PLLConfig                            0x08008e15   Thumb Code    24  stm32f10x_rcc.o(.text)
    RCC_PLLCmd                               0x08008e2d   Thumb Code     6  stm32f10x_rcc.o(.text)
    RCC_SYSCLKConfig                         0x08008e33   Thumb Code    18  stm32f10x_rcc.o(.text)
    RCC_GetSYSCLKSource                      0x08008e45   Thumb Code    10  stm32f10x_rcc.o(.text)
    RCC_HCLKConfig                           0x08008e4f   Thumb Code    18  stm32f10x_rcc.o(.text)
    RCC_PCLK1Config                          0x08008e61   Thumb Code    18  stm32f10x_rcc.o(.text)
    RCC_PCLK2Config                          0x08008e73   Thumb Code    20  stm32f10x_rcc.o(.text)
    RCC_ITConfig                             0x08008e87   Thumb Code    26  stm32f10x_rcc.o(.text)
    RCC_USBCLKConfig                         0x08008ea1   Thumb Code     8  stm32f10x_rcc.o(.text)
    RCC_ADCCLKConfig                         0x08008ea9   Thumb Code    18  stm32f10x_rcc.o(.text)
    RCC_LSEConfig                            0x08008ebb   Thumb Code    50  stm32f10x_rcc.o(.text)
    RCC_LSICmd                               0x08008eed   Thumb Code     6  stm32f10x_rcc.o(.text)
    RCC_RTCCLKConfig                         0x08008ef3   Thumb Code    12  stm32f10x_rcc.o(.text)
    RCC_RTCCLKCmd                            0x08008eff   Thumb Code     8  stm32f10x_rcc.o(.text)
    RCC_GetClocksFreq                        0x08008f07   Thumb Code   192  stm32f10x_rcc.o(.text)
    RCC_AHBPeriphClockCmd                    0x08008fc7   Thumb Code    26  stm32f10x_rcc.o(.text)
    RCC_APB2PeriphClockCmd                   0x08008fe1   Thumb Code    26  stm32f10x_rcc.o(.text)
    RCC_APB1PeriphClockCmd                   0x08008ffb   Thumb Code    26  stm32f10x_rcc.o(.text)
    RCC_APB2PeriphResetCmd                   0x08009015   Thumb Code    26  stm32f10x_rcc.o(.text)
    RCC_APB1PeriphResetCmd                   0x0800902f   Thumb Code    26  stm32f10x_rcc.o(.text)
    RCC_BackupResetCmd                       0x08009049   Thumb Code     8  stm32f10x_rcc.o(.text)
    RCC_ClockSecuritySystemCmd               0x08009051   Thumb Code     6  stm32f10x_rcc.o(.text)
    RCC_MCOConfig                            0x08009057   Thumb Code     6  stm32f10x_rcc.o(.text)
    RCC_ClearFlag                            0x0800905d   Thumb Code    14  stm32f10x_rcc.o(.text)
    RCC_GetITStatus                          0x0800906b   Thumb Code    20  stm32f10x_rcc.o(.text)
    RCC_ClearITPendingBit                    0x0800907f   Thumb Code     6  stm32f10x_rcc.o(.text)
    USART_DeInit                             0x080090a9   Thumb Code   134  stm32f10x_usart.o(.text)
    USART_Init                               0x0800912f   Thumb Code   210  stm32f10x_usart.o(.text)
    USART_StructInit                         0x08009201   Thumb Code    24  stm32f10x_usart.o(.text)
    USART_ClockInit                          0x08009219   Thumb Code    34  stm32f10x_usart.o(.text)
    USART_ClockStructInit                    0x0800923b   Thumb Code    12  stm32f10x_usart.o(.text)
    USART_Cmd                                0x08009247   Thumb Code    24  stm32f10x_usart.o(.text)
    USART_ITConfig                           0x0800925f   Thumb Code    74  stm32f10x_usart.o(.text)
    USART_DMACmd                             0x080092a9   Thumb Code    18  stm32f10x_usart.o(.text)
    USART_SetAddress                         0x080092bb   Thumb Code    18  stm32f10x_usart.o(.text)
    USART_WakeUpConfig                       0x080092cd   Thumb Code    18  stm32f10x_usart.o(.text)
    USART_ReceiverWakeUpCmd                  0x080092df   Thumb Code    24  stm32f10x_usart.o(.text)
    USART_LINBreakDetectLengthConfig         0x080092f7   Thumb Code    18  stm32f10x_usart.o(.text)
    USART_LINCmd                             0x08009309   Thumb Code    24  stm32f10x_usart.o(.text)
    USART_SendData                           0x08009321   Thumb Code     8  stm32f10x_usart.o(.text)
    USART_ReceiveData                        0x08009329   Thumb Code    10  stm32f10x_usart.o(.text)
    USART_SendBreak                          0x08009333   Thumb Code    10  stm32f10x_usart.o(.text)
    USART_SetGuardTime                       0x0800933d   Thumb Code    16  stm32f10x_usart.o(.text)
    USART_SetPrescaler                       0x0800934d   Thumb Code    16  stm32f10x_usart.o(.text)
    USART_SmartCardCmd                       0x0800935d   Thumb Code    24  stm32f10x_usart.o(.text)
    USART_SmartCardNACKCmd                   0x08009375   Thumb Code    24  stm32f10x_usart.o(.text)
    USART_HalfDuplexCmd                      0x0800938d   Thumb Code    24  stm32f10x_usart.o(.text)
    USART_OverSampling8Cmd                   0x080093a5   Thumb Code    22  stm32f10x_usart.o(.text)
    USART_OneBitMethodCmd                    0x080093bb   Thumb Code    24  stm32f10x_usart.o(.text)
    USART_IrDAConfig                         0x080093d3   Thumb Code    18  stm32f10x_usart.o(.text)
    USART_IrDACmd                            0x080093e5   Thumb Code    24  stm32f10x_usart.o(.text)
    USART_GetFlagStatus                      0x080093fd   Thumb Code    26  stm32f10x_usart.o(.text)
    USART_ClearFlag                          0x08009417   Thumb Code    18  stm32f10x_usart.o(.text)
    USART_GetITStatus                        0x08009429   Thumb Code    84  stm32f10x_usart.o(.text)
    USART_ClearITPendingBit                  0x0800947d   Thumb Code    52  stm32f10x_usart.o(.text)
    NVIC_PriorityGroupConfig                 0x080094b1   Thumb Code    10  misc.o(.text)
    NVIC_Init                                0x080094bb   Thumb Code   100  misc.o(.text)
    NVIC_SetVectorTable                      0x0800951f   Thumb Code    14  misc.o(.text)
    NVIC_SystemLPConfig                      0x0800952d   Thumb Code    34  misc.o(.text)
    SysTick_CLKSourceConfig                  0x0800954f   Thumb Code    40  misc.o(.text)
    TIM_DeInit                               0x0800958d   Thumb Code   424  stm32f10x_tim.o(.text)
    TIM_TimeBaseInit                         0x08009735   Thumb Code   122  stm32f10x_tim.o(.text)
    TIM_OC1Init                              0x080097af   Thumb Code   132  stm32f10x_tim.o(.text)
    TIM_OC2Init                              0x08009833   Thumb Code   154  stm32f10x_tim.o(.text)
    TIM_OC3Init                              0x080098cd   Thumb Code   150  stm32f10x_tim.o(.text)
    TIM_OC4Init                              0x08009963   Thumb Code   182  stm32f10x_tim.o(.text)
    TIM_SetIC4Prescaler                      0x08009a19   Thumb Code    26  stm32f10x_tim.o(.text)
    TIM_SetIC3Prescaler                      0x08009ab5   Thumb Code    18  stm32f10x_tim.o(.text)
    TIM_SetIC2Prescaler                      0x08009b41   Thumb Code    26  stm32f10x_tim.o(.text)
    TIM_SetIC1Prescaler                      0x08009bdd   Thumb Code    18  stm32f10x_tim.o(.text)
    TIM_ICInit                               0x08009c5b   Thumb Code   150  stm32f10x_tim.o(.text)
    TIM_PWMIConfig                           0x08009cf1   Thumb Code   124  stm32f10x_tim.o(.text)
    TIM_BDTRConfig                           0x08009d6d   Thumb Code    32  stm32f10x_tim.o(.text)
    TIM_TimeBaseStructInit                   0x08009d8d   Thumb Code    18  stm32f10x_tim.o(.text)
    TIM_OCStructInit                         0x08009d9f   Thumb Code    20  stm32f10x_tim.o(.text)
    TIM_ICStructInit                         0x08009db3   Thumb Code    18  stm32f10x_tim.o(.text)
    TIM_BDTRStructInit                       0x08009dc5   Thumb Code    40  stm32f10x_tim.o(.text)
    TIM_Cmd                                  0x08009ded   Thumb Code    24  stm32f10x_tim.o(.text)
    TIM_CtrlPWMOutputs                       0x08009e05   Thumb Code    30  stm32f10x_tim.o(.text)
    TIM_ITConfig                             0x08009e23   Thumb Code    18  stm32f10x_tim.o(.text)
    TIM_GenerateEvent                        0x08009e35   Thumb Code     4  stm32f10x_tim.o(.text)
    TIM_DMAConfig                            0x08009e39   Thumb Code    10  stm32f10x_tim.o(.text)
    TIM_DMACmd                               0x08009e43   Thumb Code    18  stm32f10x_tim.o(.text)
    TIM_InternalClockConfig                  0x08009e55   Thumb Code    12  stm32f10x_tim.o(.text)
    TIM_SelectInputTrigger                   0x08009e61   Thumb Code    18  stm32f10x_tim.o(.text)
    TIM_ITRxExternalClockConfig              0x08009e73   Thumb Code    24  stm32f10x_tim.o(.text)
    TIM_TIxExternalClockConfig               0x08009e8b   Thumb Code    62  stm32f10x_tim.o(.text)
    TIM_ETRConfig                            0x08009ec9   Thumb Code    28  stm32f10x_tim.o(.text)
    TIM_ETRClockMode1Config                  0x08009ee5   Thumb Code    54  stm32f10x_tim.o(.text)
    TIM_ETRClockMode2Config                  0x08009f1b   Thumb Code    32  stm32f10x_tim.o(.text)
    TIM_PrescalerConfig                      0x08009f3b   Thumb Code     6  stm32f10x_tim.o(.text)
    TIM_CounterModeConfig                    0x08009f41   Thumb Code    18  stm32f10x_tim.o(.text)
    TIM_EncoderInterfaceConfig               0x08009f53   Thumb Code    66  stm32f10x_tim.o(.text)
    TIM_ForcedOC1Config                      0x08009f95   Thumb Code    18  stm32f10x_tim.o(.text)
    TIM_ForcedOC2Config                      0x08009fa7   Thumb Code    26  stm32f10x_tim.o(.text)
    TIM_ForcedOC3Config                      0x08009fc1   Thumb Code    18  stm32f10x_tim.o(.text)
    TIM_ForcedOC4Config                      0x08009fd3   Thumb Code    26  stm32f10x_tim.o(.text)
    TIM_ARRPreloadConfig                     0x08009fed   Thumb Code    24  stm32f10x_tim.o(.text)
    TIM_SelectCOM                            0x0800a005   Thumb Code    24  stm32f10x_tim.o(.text)
    TIM_SelectCCDMA                          0x0800a01d   Thumb Code    24  stm32f10x_tim.o(.text)
    TIM_CCPreloadControl                     0x0800a035   Thumb Code    24  stm32f10x_tim.o(.text)
    TIM_OC1PreloadConfig                     0x0800a04d   Thumb Code    18  stm32f10x_tim.o(.text)
    TIM_OC2PreloadConfig                     0x0800a05f   Thumb Code    26  stm32f10x_tim.o(.text)
    TIM_OC3PreloadConfig                     0x0800a079   Thumb Code    18  stm32f10x_tim.o(.text)
    TIM_OC4PreloadConfig                     0x0800a08b   Thumb Code    26  stm32f10x_tim.o(.text)
    TIM_OC1FastConfig                        0x0800a0a5   Thumb Code    18  stm32f10x_tim.o(.text)
    TIM_OC2FastConfig                        0x0800a0b7   Thumb Code    26  stm32f10x_tim.o(.text)
    TIM_OC3FastConfig                        0x0800a0d1   Thumb Code    18  stm32f10x_tim.o(.text)
    TIM_OC4FastConfig                        0x0800a0e3   Thumb Code    26  stm32f10x_tim.o(.text)
    TIM_ClearOC1Ref                          0x0800a0fd   Thumb Code    18  stm32f10x_tim.o(.text)
    TIM_ClearOC2Ref                          0x0800a10f   Thumb Code    24  stm32f10x_tim.o(.text)
    TIM_ClearOC3Ref                          0x0800a127   Thumb Code    18  stm32f10x_tim.o(.text)
    TIM_ClearOC4Ref                          0x0800a139   Thumb Code    24  stm32f10x_tim.o(.text)
    TIM_OC1PolarityConfig                    0x0800a151   Thumb Code    18  stm32f10x_tim.o(.text)
    TIM_OC1NPolarityConfig                   0x0800a163   Thumb Code    18  stm32f10x_tim.o(.text)
    TIM_OC2PolarityConfig                    0x0800a175   Thumb Code    26  stm32f10x_tim.o(.text)
    TIM_OC2NPolarityConfig                   0x0800a18f   Thumb Code    26  stm32f10x_tim.o(.text)
    TIM_OC3PolarityConfig                    0x0800a1a9   Thumb Code    26  stm32f10x_tim.o(.text)
    TIM_OC3NPolarityConfig                   0x0800a1c3   Thumb Code    26  stm32f10x_tim.o(.text)
    TIM_OC4PolarityConfig                    0x0800a1dd   Thumb Code    26  stm32f10x_tim.o(.text)
    TIM_CCxCmd                               0x0800a1f7   Thumb Code    30  stm32f10x_tim.o(.text)
    TIM_CCxNCmd                              0x0800a215   Thumb Code    30  stm32f10x_tim.o(.text)
    TIM_SelectOCxM                           0x0800a233   Thumb Code    82  stm32f10x_tim.o(.text)
    TIM_UpdateDisableConfig                  0x0800a285   Thumb Code    24  stm32f10x_tim.o(.text)
    TIM_UpdateRequestConfig                  0x0800a29d   Thumb Code    24  stm32f10x_tim.o(.text)
    TIM_SelectHallSensor                     0x0800a2b5   Thumb Code    24  stm32f10x_tim.o(.text)
    TIM_SelectOnePulseMode                   0x0800a2cd   Thumb Code    18  stm32f10x_tim.o(.text)
    TIM_SelectOutputTrigger                  0x0800a2df   Thumb Code    18  stm32f10x_tim.o(.text)
    TIM_SelectSlaveMode                      0x0800a2f1   Thumb Code    18  stm32f10x_tim.o(.text)
    TIM_SelectMasterSlaveMode                0x0800a303   Thumb Code    18  stm32f10x_tim.o(.text)
    TIM_SetCounter                           0x0800a315   Thumb Code     4  stm32f10x_tim.o(.text)
    TIM_SetAutoreload                        0x0800a319   Thumb Code     4  stm32f10x_tim.o(.text)
    TIM_SetCompare1                          0x0800a31d   Thumb Code     4  stm32f10x_tim.o(.text)
    TIM_SetCompare2                          0x0800a321   Thumb Code     4  stm32f10x_tim.o(.text)
    TIM_SetCompare3                          0x0800a325   Thumb Code     4  stm32f10x_tim.o(.text)
    TIM_SetCompare4                          0x0800a329   Thumb Code     6  stm32f10x_tim.o(.text)
    TIM_SetClockDivision                     0x0800a32f   Thumb Code    18  stm32f10x_tim.o(.text)
    TIM_GetCapture1                          0x0800a341   Thumb Code     6  stm32f10x_tim.o(.text)
    TIM_GetCapture2                          0x0800a347   Thumb Code     6  stm32f10x_tim.o(.text)
    TIM_GetCapture3                          0x0800a34d   Thumb Code     6  stm32f10x_tim.o(.text)
    TIM_GetCapture4                          0x0800a353   Thumb Code     8  stm32f10x_tim.o(.text)
    TIM_GetCounter                           0x0800a35b   Thumb Code     6  stm32f10x_tim.o(.text)
    TIM_GetPrescaler                         0x0800a361   Thumb Code     6  stm32f10x_tim.o(.text)
    TIM_GetFlagStatus                        0x0800a367   Thumb Code    18  stm32f10x_tim.o(.text)
    TIM_ClearFlag                            0x0800a379   Thumb Code     6  stm32f10x_tim.o(.text)
    TIM_GetITStatus                          0x0800a37f   Thumb Code    34  stm32f10x_tim.o(.text)
    TIM_ClearITPendingBit                    0x0800a3a1   Thumb Code     6  stm32f10x_tim.o(.text)
    OS_TaskStatStkChk                        0x0800a3a9   Thumb Code    54  os_core.o(.text)
    OS_TaskStat                              0x0800a3df   Thumb Code   116  os_core.o(.text)
    OS_TaskIdle                              0x0800a487   Thumb Code    34  os_core.o(.text)
    OS_MemClr                                0x0800a4dd   Thumb Code    18  os_core.o(.text)
    OSInit                                   0x0800a5fb   Thumb Code    44  os_core.o(.text)
    OSIntEnter                               0x0800a627   Thumb Code    28  os_core.o(.text)
    OSIntExit                                0x0800a65d   Thumb Code   112  os_core.o(.text)
    OSSchedLock                              0x0800a6cd   Thumb Code    50  os_core.o(.text)
    OS_Sched                                 0x0800a6ff   Thumb Code    88  os_core.o(.text)
    OSSchedUnlock                            0x0800a757   Thumb Code   238  os_core.o(.text)
    OSStart                                  0x0800a845   Thumb Code    48  os_core.o(.text)
    OSStatInit                               0x0800a875   Thumb Code    62  os_core.o(.text)
    OSTimeTick                               0x0800a8b3   Thumb Code   210  os_core.o(.text)
    OSVersion                                0x0800a985   Thumb Code     6  os_core.o(.text)
    OS_Dummy                                 0x0800a98b   Thumb Code     2  os_core.o(.text)
    OS_EventTaskRemove                       0x0800a98d   Thumb Code    42  os_core.o(.text)
    OS_EventTaskRdy                          0x0800a9b7   Thumb Code   114  os_core.o(.text)
    OS_EventTaskWait                         0x0800aa29   Thumb Code   112  os_core.o(.text)
    OS_EventWaitListInit                     0x0800aa99   Thumb Code    28  os_core.o(.text)
    OS_MemCopy                               0x0800aab5   Thumb Code    20  os_core.o(.text)
    OS_StrLen                                0x0800aac9   Thumb Code    20  os_core.o(.text)
    OS_TCBInit                               0x0800aadd   Thumb Code   280  os_core.o(.text)
    OSFlagAccept                             0x0800ac39   Thumb Code   252  os_flag.o(.text)
    OSFlagCreate                             0x0800ad35   Thumb Code    86  os_flag.o(.text)
    OS_FlagUnlink                            0x0800ad8b   Thumb Code    36  os_flag.o(.text)
    OSFlagDel                                0x0800ae01   Thumb Code   214  os_flag.o(.text)
    OSFlagNameGet                            0x0800aed7   Thumb Code    80  os_flag.o(.text)
    OSFlagNameSet                            0x0800af27   Thumb Code    66  os_flag.o(.text)
    OSFlagPend                               0x0800b001   Thumb Code   614  os_flag.o(.text)
    OSFlagPendGetFlagsRdy                    0x0800b267   Thumb Code    26  os_flag.o(.text)
    OSFlagPost                               0x0800b281   Thumb Code   312  os_flag.o(.text)
    OSFlagQuery                              0x0800b3b9   Thumb Code    48  os_flag.o(.text)
    OS_FlagInit                              0x0800b3e9   Thumb Code    78  os_flag.o(.text)
    OSMboxAccept                             0x0800b445   Thumb Code    38  os_mbox.o(.text)
    OSMboxCreate                             0x0800b46b   Thumb Code    68  os_mbox.o(.text)
    OSMboxDel                                0x0800b4af   Thumb Code   200  os_mbox.o(.text)
    OSMboxPend                               0x0800b577   Thumb Code   246  os_mbox.o(.text)
    OSMboxPendAbort                          0x0800b66d   Thumb Code   128  os_mbox.o(.text)
    OSMboxPost                               0x0800b6ed   Thumb Code    80  os_mbox.o(.text)
    OSMboxPostOpt                            0x0800b73d   Thumb Code   120  os_mbox.o(.text)
    OSMboxQuery                              0x0800b7b5   Thumb Code    76  os_mbox.o(.text)
    OSQAccept                                0x0800b811   Thumb Code    88  os_q.o(.text)
    OSQCreate                                0x0800b869   Thumb Code   140  os_q.o(.text)
    OSQDel                                   0x0800b8f5   Thumb Code   236  os_q.o(.text)
    OSQFlush                                 0x0800b9e1   Thumb Code    36  os_q.o(.text)
    OSQPend                                  0x0800ba05   Thumb Code   272  os_q.o(.text)
    OSQPendAbort                             0x0800bb15   Thumb Code   128  os_q.o(.text)
    OSQPost                                  0x0800bb95   Thumb Code   114  os_q.o(.text)
    OSQPostFront                             0x0800bc07   Thumb Code   136  os_q.o(.text)
    OSQPostOpt                               0x0800bc8f   Thumb Code   182  os_q.o(.text)
    OSQQuery                                 0x0800bd45   Thumb Code    98  os_q.o(.text)
    OS_QInit                                 0x0800bda7   Thumb Code    72  os_q.o(.text)
    OSSemAccept                              0x0800bdf9   Thumb Code    42  os_sem.o(.text)
    OSSemCreate                              0x0800be23   Thumb Code    68  os_sem.o(.text)
    OSSemDel                                 0x0800be67   Thumb Code   200  os_sem.o(.text)
    OSSemPend                                0x0800bf2f   Thumb Code   222  os_sem.o(.text)
    OSSemPendAbort                           0x0800c00d   Thumb Code   128  os_sem.o(.text)
    OSSemPost                                0x0800c08d   Thumb Code    88  os_sem.o(.text)
    OSSemQuery                               0x0800c0e5   Thumb Code    76  os_sem.o(.text)
    OSSemSet                                 0x0800c131   Thumb Code    66  os_sem.o(.text)
    OSTaskChangePrio                         0x0800c185   Thumb Code   308  os_task.o(.text)
    OSTaskCreate                             0x0800c2b9   Thumb Code   148  os_task.o(.text)
    OS_TaskStkClr                            0x0800c34d   Thumb Code    26  os_task.o(.text)
    OSTaskCreateExt                          0x0800c367   Thumb Code   170  os_task.o(.text)
    OSTaskDel                                0x0800c411   Thumb Code   294  os_task.o(.text)
    OSTaskDelReq                             0x0800c537   Thumb Code   144  os_task.o(.text)
    OSTaskNameGet                            0x0800c5c7   Thumb Code   114  os_task.o(.text)
    OSTaskNameSet                            0x0800c639   Thumb Code    98  os_task.o(.text)
    OSTaskResume                             0x0800c69b   Thumb Code   154  os_task.o(.text)
    OSTaskStkChk                             0x0800c735   Thumb Code   132  os_task.o(.text)
    OSTaskSuspend                            0x0800c7b9   Thumb Code   152  os_task.o(.text)
    OSTaskQuery                              0x0800c851   Thumb Code    82  os_task.o(.text)
    OSTaskRegGet                             0x0800c8a3   Thumb Code    60  os_task.o(.text)
    OSTaskRegSet                             0x0800c8df   Thumb Code    62  os_task.o(.text)
    OS_TaskReturn                            0x0800c91d   Thumb Code    18  os_task.o(.text)
    OSTimeDly                                0x0800c949   Thumb Code   100  os_time.o(.text)
    OSTimeDlyHMSM                            0x0800c9ad   Thumb Code    86  os_time.o(.text)
    OSTimeDlyResume                          0x0800ca03   Thumb Code   168  os_time.o(.text)
    OSTimeGet                                0x0800caab   Thumb Code    24  os_time.o(.text)
    OSTimeSet                                0x0800cac3   Thumb Code    24  os_time.o(.text)
    OSInitHookBegin                          0x0800caf9   Thumb Code     2  os_cpu_c.o(.text)
    OSInitHookEnd                            0x0800cafb   Thumb Code     2  os_cpu_c.o(.text)
    OSTaskCreateHook                         0x0800cafd   Thumb Code     2  os_cpu_c.o(.text)
    OSTaskDelHook                            0x0800caff   Thumb Code     2  os_cpu_c.o(.text)
    OSTaskIdleHook                           0x0800cb01   Thumb Code     2  os_cpu_c.o(.text)
    OSTaskStatHook                           0x0800cb03   Thumb Code     2  os_cpu_c.o(.text)
    OSTaskStkInit                            0x0800cb05   Thumb Code   154  os_cpu_c.o(.text)
    OSTaskSwHook                             0x0800cb9f   Thumb Code     2  os_cpu_c.o(.text)
    OSTCBInitHook                            0x0800cba1   Thumb Code     2  os_cpu_c.o(.text)
    OSTimeTickHook                           0x0800cba3   Thumb Code     2  os_cpu_c.o(.text)
    OSTaskReturnHook                         0x0800cba5   Thumb Code     2  os_cpu_c.o(.text)
    OS_CPU_SR_Save                           0x0800cba9   Thumb Code     0  os_cpu_a.o(.text)
    OS_CPU_SR_Restore                        0x0800cbb1   Thumb Code     0  os_cpu_a.o(.text)
    OSStartHighRdy                           0x0800cbb7   Thumb Code     0  os_cpu_a.o(.text)
    OSCtxSw                                  0x0800cbd9   Thumb Code     0  os_cpu_a.o(.text)
    OSIntCtxSw                               0x0800cbe7   Thumb Code     0  os_cpu_a.o(.text)
    PendSV_Handler                           0x0800cbf7   Thumb Code     0  os_cpu_a.o(.text)
    OLED_Show_Font                           0x0800cc5d   Thumb Code   112  text.o(.text)
    image_getcolor                           0x0800ccd1   Thumb Code    30  image2lcd.o(.text)
    image_show                               0x0800ccef   Thumb Code   158  image2lcd.o(.text)
    image_display                            0x0800cd8d   Thumb Code    42  image2lcd.o(.text)
    __use_no_semihosting                     0x0800cdc5   Thumb Code     2  use_no_semi_2.o(.text)
    __2printf                                0x0800cdc9   Thumb Code    20  noretval__2printf.o(.text)
    __printf                                 0x0800cde1   Thumb Code   104  __printf.o(.text)
    _printf_str                              0x0800ce49   Thumb Code    82  _printf_str.o(.text)
    _printf_int_dec                          0x0800ce9d   Thumb Code   104  _printf_dec.o(.text)
    _printf_int_hex                          0x0800cf15   Thumb Code    84  _printf_hex_int.o(.text)
    _printf_longlong_hex                     0x0800cf15   Thumb Code     0  _printf_hex_int.o(.text)
    srand                                    0x0800cf6d   Thumb Code    42  rand.o(.text)
    _rand_init                               0x0800cf97   Thumb Code     4  rand.o(.text)
    strcmp                                   0x0800cfa9   Thumb Code   128  strcmpv7m.o(.text)
    __use_two_region_memory                  0x0800d029   Thumb Code     2  heapauxi.o(.text)
    __rt_heap_escrow$2region                 0x0800d02b   Thumb Code     2  heapauxi.o(.text)
    __rt_heap_expand$2region                 0x0800d02d   Thumb Code     2  heapauxi.o(.text)
    __I$use$semihosting                      0x0800d02f   Thumb Code     0  use_no_semi.o(.text)
    __use_no_semihosting_swi                 0x0800d02f   Thumb Code     2  use_no_semi.o(.text)
    __read_errno                             0x0800d031   Thumb Code    10  _rserrno.o(.text)
    __set_errno                              0x0800d03b   Thumb Code    12  _rserrno.o(.text)
    _printf_int_common                       0x0800d047   Thumb Code   178  _printf_intcommon.o(.text)
    _printf_cs_common                        0x0800d0f9   Thumb Code    20  _printf_char.o(.text)
    _printf_char                             0x0800d10d   Thumb Code    16  _printf_char.o(.text)
    _printf_string                           0x0800d11d   Thumb Code     8  _printf_char.o(.text)
    _printf_char_file                        0x0800d125   Thumb Code    32  _printf_char_file.o(.text)
    __aeabi_errno_addr                       0x0800d149   Thumb Code     8  rt_errno_addr_intlibspace.o(.text)
    __errno$intlibspace                      0x0800d149   Thumb Code     0  rt_errno_addr_intlibspace.o(.text)
    __rt_errno_addr$intlibspace              0x0800d149   Thumb Code     0  rt_errno_addr_intlibspace.o(.text)
    _printf_char_common                      0x0800d15b   Thumb Code    32  _printf_char_common.o(.text)
    ferror                                   0x0800d181   Thumb Code     8  ferror.o(.text)
    __user_libspace                          0x0800d189   Thumb Code     8  libspace.o(.text)
    __user_perproc_libspace                  0x0800d189   Thumb Code     0  libspace.o(.text)
    __user_perthread_libspace                0x0800d189   Thumb Code     0  libspace.o(.text)
    __user_setup_stackheap                   0x0800d191   Thumb Code    74  sys_stackheap_outer.o(.text)
    exit                                     0x0800d1db   Thumb Code    18  exit.o(.text)
    sqrt                                     0x0800d1ed   Thumb Code    76  sqrt.o(i.sqrt)
    __aeabi_dadd                             0x0800d239   Thumb Code     0  daddsub_clz.o(x$fpl$dadd)
    _dadd                                    0x0800d239   Thumb Code   332  daddsub_clz.o(x$fpl$dadd)
    __fpl_dcmp_Inf                           0x0800d389   Thumb Code    24  dcmpi.o(x$fpl$dcmpinf)
    __aeabi_d2uiz                            0x0800d3a1   Thumb Code     0  dfixu.o(x$fpl$dfixu)
    _dfixu                                   0x0800d3a1   Thumb Code    90  dfixu.o(x$fpl$dfixu)
    __aeabi_i2d                              0x0800d3fb   Thumb Code     0  dflt_clz.o(x$fpl$dflt)
    _dflt                                    0x0800d3fb   Thumb Code    46  dflt_clz.o(x$fpl$dflt)
    __aeabi_ui2d                             0x0800d429   Thumb Code     0  dflt_clz.o(x$fpl$dfltu)
    _dfltu                                   0x0800d429   Thumb Code    38  dflt_clz.o(x$fpl$dfltu)
    __aeabi_cdcmple                          0x0800d451   Thumb Code     0  dleqf.o(x$fpl$dleqf)
    _dcmple                                  0x0800d451   Thumb Code   120  dleqf.o(x$fpl$dleqf)
    __fpl_dcmple_InfNaN                      0x0800d4b3   Thumb Code     0  dleqf.o(x$fpl$dleqf)
    __aeabi_dmul                             0x0800d4c9   Thumb Code     0  dmul.o(x$fpl$dmul)
    _dmul                                    0x0800d4c9   Thumb Code   332  dmul.o(x$fpl$dmul)
    __fpl_dnaninf                            0x0800d61d   Thumb Code   156  dnaninf.o(x$fpl$dnaninf)
    __fpl_dretinf                            0x0800d6b9   Thumb Code    12  dretinf.o(x$fpl$dretinf)
    __aeabi_cdrcmple                         0x0800d6c5   Thumb Code     0  drleqf.o(x$fpl$drleqf)
    _drcmple                                 0x0800d6c5   Thumb Code   108  drleqf.o(x$fpl$drleqf)
    __aeabi_drsub                            0x0800d731   Thumb Code     0  daddsub_clz.o(x$fpl$drsb)
    _drsb                                    0x0800d731   Thumb Code    22  daddsub_clz.o(x$fpl$drsb)
    _dsqrt                                   0x0800d749   Thumb Code   456  dsqrt_noumaal.o(x$fpl$dsqrt)
    __aeabi_dsub                             0x0800d915   Thumb Code     0  daddsub_clz.o(x$fpl$dsub)
    _dsub                                    0x0800d915   Thumb Code   464  daddsub_clz.o(x$fpl$dsub)
    __aeabi_f2d                              0x0800dae9   Thumb Code     0  f2d.o(x$fpl$f2d)
    _f2d                                     0x0800dae9   Thumb Code    86  f2d.o(x$fpl$f2d)
    __aeabi_fadd                             0x0800db41   Thumb Code     0  faddsub_clz.o(x$fpl$fadd)
    _fadd                                    0x0800db41   Thumb Code   196  faddsub_clz.o(x$fpl$fadd)
    __aeabi_fdiv                             0x0800dc05   Thumb Code     0  fdiv.o(x$fpl$fdiv)
    _fdiv                                    0x0800dc05   Thumb Code   384  fdiv.o(x$fpl$fdiv)
    __aeabi_f2iz                             0x0800dd89   Thumb Code     0  ffix.o(x$fpl$ffix)
    _ffix                                    0x0800dd89   Thumb Code    54  ffix.o(x$fpl$ffix)
    __aeabi_f2uiz                            0x0800ddc1   Thumb Code     0  ffixu.o(x$fpl$ffixu)
    _ffixu                                   0x0800ddc1   Thumb Code    62  ffixu.o(x$fpl$ffixu)
    __aeabi_i2f                              0x0800de01   Thumb Code     0  fflt_clz.o(x$fpl$fflt)
    _fflt                                    0x0800de01   Thumb Code    48  fflt_clz.o(x$fpl$fflt)
    __aeabi_ui2f                             0x0800de31   Thumb Code     0  fflt_clz.o(x$fpl$ffltu)
    _ffltu                                   0x0800de31   Thumb Code    38  fflt_clz.o(x$fpl$ffltu)
    __aeabi_fmul                             0x0800de59   Thumb Code     0  fmul.o(x$fpl$fmul)
    _fmul                                    0x0800de59   Thumb Code   258  fmul.o(x$fpl$fmul)
    __fpl_fnaninf                            0x0800df5b   Thumb Code   140  fnaninf.o(x$fpl$fnaninf)
    __fpl_fretinf                            0x0800dfe7   Thumb Code    10  fretinf.o(x$fpl$fretinf)
    __aeabi_fsub                             0x0800dff1   Thumb Code     0  faddsub_clz.o(x$fpl$fsub)
    _fsub                                    0x0800dff1   Thumb Code   234  faddsub_clz.o(x$fpl$fsub)
    __I$use$fp                               0x0800e0da   Number         0  usenofp.o(x$fpl$usenofp)
    asc2_1206                                0x0800e0da   Data        1140  lcd.o(.constdata)
    asc2_1608                                0x0800e54e   Data        1520  lcd.o(.constdata)
    asc2_2412                                0x0800eb3e   Data        3420  lcd.o(.constdata)
    FT5206_TPX_TBL                           0x0800f89a   Data          10  ft5206.o(.constdata)
    GT9147_CFG_TBL                           0x0800f8a4   Data         184  gt9147.o(.constdata)
    GT9147_TPX_TBL                           0x0800f95c   Data          10  gt9147.o(.constdata)
    OTT_TPX_TBL                              0x0800f966   Data          10  ott2001a.o(.constdata)
    TP_ADJDIS_TBL                            0x0800f970   Data          12  touch.o(.constdata)
    OSUnMapTbl                               0x0800f97c   Data         256  os_core.o(.constdata)
    OLED_HZK_TBL                             0x0800fa7c   Data         648  text.o(.constdata)
    gImage_image1                            0x0800fd04   Data       153608  image1.o(.constdata)
    Region$$Table$$Base                      0x080355b0   Number         0  anon$$obj.o(Region$$Table)
    Region$$Table$$Limit                     0x080355d0   Number         0  anon$$obj.o(Region$$Table)
    msg_key                                  0x20000000   Data           4  main.o(.data)
    msg_fre                                  0x20000004   Data           4  main.o(.data)
    sem_led1                                 0x20000008   Data           4  main.o(.data)
    SystemCoreClock                          0x20000054   Data           4  system_stm32f10x.o(.data)
    AHBPrescTable                            0x20000058   Data          16  system_stm32f10x.o(.data)
    POINT_COLOR                              0x2000006a   Data           2  lcd.o(.data)
    BACK_COLOR                               0x2000006c   Data           2  lcd.o(.data)
    tp_dev                                   0x20000074   Data          52  touch.o(.data)
    CMD_RDX                                  0x200000a8   Data           1  touch.o(.data)
    CMD_RDY                                  0x200000a9   Data           1  touch.o(.data)
    TP_REMIND_MSG_TBL                        0x200000ac   Data           4  touch.o(.data)
    __stdout                                 0x200000b4   Data           4  usart.o(.data)
    USART_RX_STA                             0x200000b8   Data           2  usart.o(.data)
    OSCtxSwCtr                               0x200000d0   Data           4  os_core.o(.data)
    OSEventFreeList                          0x200000d4   Data           4  os_core.o(.data)
    OSFlagFreeList                           0x200000d8   Data           4  os_core.o(.data)
    OSCPUUsage                               0x200000dc   Data           1  os_core.o(.data)
    OSIdleCtrMax                             0x200000e0   Data           4  os_core.o(.data)
    OSIdleCtrRun                             0x200000e4   Data           4  os_core.o(.data)
    OSStatRdy                                0x200000e8   Data           1  os_core.o(.data)
    OSIntNesting                             0x200000e9   Data           1  os_core.o(.data)
    OSLockNesting                            0x200000ea   Data           1  os_core.o(.data)
    OSPrioCur                                0x200000eb   Data           1  os_core.o(.data)
    OSPrioHighRdy                            0x200000ec   Data           1  os_core.o(.data)
    OSRdyGrp                                 0x200000ed   Data           1  os_core.o(.data)
    OSRdyTbl                                 0x200000ee   Data           8  os_core.o(.data)
    OSRunning                                0x200000f6   Data           1  os_core.o(.data)
    OSTaskCtr                                0x200000f7   Data           1  os_core.o(.data)
    OSIdleCtr                                0x200000f8   Data           4  os_core.o(.data)
    OSTCBCur                                 0x200000fc   Data           4  os_core.o(.data)
    OSTCBFreeList                            0x20000100   Data           4  os_core.o(.data)
    OSTCBHighRdy                             0x20000104   Data           4  os_core.o(.data)
    OSTCBList                                0x20000108   Data           4  os_core.o(.data)
    OSTickStepState                          0x2000010c   Data           1  os_core.o(.data)
    OSQFreeList                              0x20000110   Data           4  os_core.o(.data)
    OSTime                                   0x20000114   Data           4  os_core.o(.data)
    START_TASK_STK                           0x20000118   Data         256  main.o(.bss)
    BUZZER_TASK_STK                          0x20000218   Data         256  main.o(.bss)
    LED1_TASK_STK                            0x20000318   Data         256  main.o(.bss)
    TOUCH_TASK_STK                           0x20000418   Data         256  main.o(.bss)
    MAIN_TASK_STK                            0x20000518   Data         512  main.o(.bss)
    KEY_TASK_STK                             0x20000718   Data         256  main.o(.bss)
    lcddev                                   0x20000818   Data          14  lcd.o(.bss)
    USART_RX_BUF                             0x20000826   Data         200  usart.o(.bss)
    OSEventTbl                               0x200008f0   Data         200  os_core.o(.bss)
    OSFlagTbl                                0x200009b8   Data          80  os_core.o(.bss)
    OSTaskStatStk                            0x20000a08   Data         512  os_core.o(.bss)
    OSTaskIdleStk                            0x20000c08   Data         512  os_core.o(.bss)
    OSTCBPrioTbl                             0x20000e08   Data         256  os_core.o(.bss)
    OSTCBTbl                                 0x20000f08   Data        1008  os_core.o(.bss)
    OSQTbl                                   0x200012f8   Data         120  os_core.o(.bss)
    _random_number_data                      0x20001370   Data         228  rand.o(.bss)
    __libspace_start                         0x20001454   Data          96  libspace.o(.bss)
    __temporary_stack_top$libspace           0x200014b4   Data           0  libspace.o(.bss)



==============================================================================

Memory Map of the image

  Image Entry point : 0x08000131

  Load Region LR_IROM1 (Base: 0x08000000, Size: 0x000356e8, Max: 0x00040000, ABSOLUTE)

    Execution Region ER_IROM1 (Exec base: 0x08000000, Load base: 0x08000000, Size: 0x000355d0, Max: 0x00040000, ABSOLUTE)

    Exec Addr    Load Addr    Size         Type   Attr      Idx    E Section Name        Object

    0x08000000   0x08000000   0x00000130   Data   RO          495    RESET               startup_stm32f10x_hd.o
    0x08000130   0x08000130   0x00000008   Code   RO          805  * !!!main             c_w.l(__main.o)
    0x08000138   0x08000138   0x00000034   Code   RO         1053    !!!scatter          c_w.l(__scatter.o)
    0x0800016c   0x0800016c   0x0000001a   Code   RO         1055    !!handler_copy      c_w.l(__scatter_copy.o)
    0x08000186   0x08000186   0x00000002   PAD
    0x08000188   0x08000188   0x0000001c   Code   RO         1057    !!handler_zi        c_w.l(__scatter_zi.o)
    0x080001a4   0x080001a4   0x00000000   Code   RO          795    .ARM.Collect$$_printf_percent$$00000000  c_w.l(_printf_percent.o)
    0x080001a4   0x080001a4   0x00000006   Code   RO          794    .ARM.Collect$$_printf_percent$$00000009  c_w.l(_printf_d.o)
    0x080001aa   0x080001aa   0x00000006   Code   RO          793    .ARM.Collect$$_printf_percent$$0000000C  c_w.l(_printf_x.o)
    0x080001b0   0x080001b0   0x00000006   Code   RO          792    .ARM.Collect$$_printf_percent$$00000014  c_w.l(_printf_s.o)
    0x080001b6   0x080001b6   0x00000004   Code   RO          876    .ARM.Collect$$_printf_percent$$00000017  c_w.l(_printf_percent_end.o)
    0x080001ba   0x080001ba   0x00000002   Code   RO          983    .ARM.Collect$$libinit$$00000000  c_w.l(libinit.o)
    0x080001bc   0x080001bc   0x00000000   Code   RO          878    .ARM.Collect$$libinit$$00000002  c_w.l(libinit2.o)
    0x080001bc   0x080001bc   0x00000000   Code   RO          880    .ARM.Collect$$libinit$$00000004  c_w.l(libinit2.o)
    0x080001bc   0x080001bc   0x00000000   Code   RO          883    .ARM.Collect$$libinit$$0000000A  c_w.l(libinit2.o)
    0x080001bc   0x080001bc   0x00000000   Code   RO          885    .ARM.Collect$$libinit$$0000000C  c_w.l(libinit2.o)
    0x080001bc   0x080001bc   0x00000004   Code   RO          886    .ARM.Collect$$libinit$$0000000D  c_w.l(libinit2.o)
    0x080001c0   0x080001c0   0x00000000   Code   RO          887    .ARM.Collect$$libinit$$0000000E  c_w.l(libinit2.o)
    0x080001c0   0x080001c0   0x00000000   Code   RO          890    .ARM.Collect$$libinit$$00000011  c_w.l(libinit2.o)
    0x080001c0   0x080001c0   0x00000000   Code   RO          892    .ARM.Collect$$libinit$$00000013  c_w.l(libinit2.o)
    0x080001c0   0x080001c0   0x00000000   Code   RO          894    .ARM.Collect$$libinit$$00000015  c_w.l(libinit2.o)
    0x080001c0   0x080001c0   0x00000000   Code   RO          896    .ARM.Collect$$libinit$$00000017  c_w.l(libinit2.o)
    0x080001c0   0x080001c0   0x00000000   Code   RO          898    .ARM.Collect$$libinit$$00000019  c_w.l(libinit2.o)
    0x080001c0   0x080001c0   0x00000000   Code   RO          900    .ARM.Collect$$libinit$$0000001B  c_w.l(libinit2.o)
    0x080001c0   0x080001c0   0x00000000   Code   RO          902    .ARM.Collect$$libinit$$0000001D  c_w.l(libinit2.o)
    0x080001c0   0x080001c0   0x00000000   Code   RO          904    .ARM.Collect$$libinit$$0000001F  c_w.l(libinit2.o)
    0x080001c0   0x080001c0   0x00000000   Code   RO          906    .ARM.Collect$$libinit$$00000021  c_w.l(libinit2.o)
    0x080001c0   0x080001c0   0x00000000   Code   RO          908    .ARM.Collect$$libinit$$00000023  c_w.l(libinit2.o)
    0x080001c0   0x080001c0   0x00000000   Code   RO          910    .ARM.Collect$$libinit$$00000025  c_w.l(libinit2.o)
    0x080001c0   0x080001c0   0x00000000   Code   RO          914    .ARM.Collect$$libinit$$0000002C  c_w.l(libinit2.o)
    0x080001c0   0x080001c0   0x00000000   Code   RO          916    .ARM.Collect$$libinit$$0000002E  c_w.l(libinit2.o)
    0x080001c0   0x080001c0   0x00000000   Code   RO          918    .ARM.Collect$$libinit$$00000030  c_w.l(libinit2.o)
    0x080001c0   0x080001c0   0x00000000   Code   RO          920    .ARM.Collect$$libinit$$00000032  c_w.l(libinit2.o)
    0x080001c0   0x080001c0   0x00000002   Code   RO          921    .ARM.Collect$$libinit$$00000033  c_w.l(libinit2.o)
    0x080001c2   0x080001c2   0x00000002   Code   RO         1014    .ARM.Collect$$libshutdown$$00000000  c_w.l(libshutdown.o)
    0x080001c4   0x080001c4   0x00000000   Code   RO         1020    .ARM.Collect$$libshutdown$$00000002  c_w.l(libshutdown2.o)
    0x080001c4   0x080001c4   0x00000000   Code   RO         1022    .ARM.Collect$$libshutdown$$00000004  c_w.l(libshutdown2.o)
    0x080001c4   0x080001c4   0x00000000   Code   RO         1025    .ARM.Collect$$libshutdown$$00000007  c_w.l(libshutdown2.o)
    0x080001c4   0x080001c4   0x00000000   Code   RO         1028    .ARM.Collect$$libshutdown$$0000000A  c_w.l(libshutdown2.o)
    0x080001c4   0x080001c4   0x00000000   Code   RO         1030    .ARM.Collect$$libshutdown$$0000000C  c_w.l(libshutdown2.o)
    0x080001c4   0x080001c4   0x00000000   Code   RO         1033    .ARM.Collect$$libshutdown$$0000000F  c_w.l(libshutdown2.o)
    0x080001c4   0x080001c4   0x00000002   Code   RO         1034    .ARM.Collect$$libshutdown$$00000010  c_w.l(libshutdown2.o)
    0x080001c6   0x080001c6   0x00000000   Code   RO          867    .ARM.Collect$$rtentry$$00000000  c_w.l(__rtentry.o)
    0x080001c6   0x080001c6   0x00000000   Code   RO          936    .ARM.Collect$$rtentry$$00000002  c_w.l(__rtentry2.o)
    0x080001c6   0x080001c6   0x00000006   Code   RO          948    .ARM.Collect$$rtentry$$00000004  c_w.l(__rtentry4.o)
    0x080001cc   0x080001cc   0x00000000   Code   RO          938    .ARM.Collect$$rtentry$$00000009  c_w.l(__rtentry2.o)
    0x080001cc   0x080001cc   0x00000004   Code   RO          939    .ARM.Collect$$rtentry$$0000000A  c_w.l(__rtentry2.o)
    0x080001d0   0x080001d0   0x00000000   Code   RO          941    .ARM.Collect$$rtentry$$0000000C  c_w.l(__rtentry2.o)
    0x080001d0   0x080001d0   0x00000008   Code   RO          942    .ARM.Collect$$rtentry$$0000000D  c_w.l(__rtentry2.o)
    0x080001d8   0x080001d8   0x00000002   Code   RO          986    .ARM.Collect$$rtexit$$00000000  c_w.l(rtexit.o)
    0x080001da   0x080001da   0x00000000   Code   RO          996    .ARM.Collect$$rtexit$$00000002  c_w.l(rtexit2.o)
    0x080001da   0x080001da   0x00000004   Code   RO          997    .ARM.Collect$$rtexit$$00000003  c_w.l(rtexit2.o)
    0x080001de   0x080001de   0x00000006   Code   RO          998    .ARM.Collect$$rtexit$$00000004  c_w.l(rtexit2.o)
    0x080001e4   0x080001e4   0x00000b8c   Code   RO            1    .text               main.o
    0x08000d70   0x08000d70   0x00000016   Code   RO          185    .text               stm32f10x_it.o
    0x08000d86   0x08000d86   0x00000002   PAD
    0x08000d88   0x08000d88   0x000001e0   Code   RO          226    .text               system_stm32f10x.o
    0x08000f68   0x08000f68   0x00000050   Code   RO          244    .text               led.o
    0x08000fb8   0x08000fb8   0x00000258   Code   RO          256    .text               myiic.o
    0x08001210   0x08001210   0x000000fc   Code   RO          268    .text               key.o
    0x0800130c   0x0800130c   0x00005846   Code   RO          281    .text               lcd.o
    0x08006b52   0x08006b52   0x00000002   PAD
    0x08006b54   0x08006b54   0x00000260   Code   RO          311    .text               ctiic.o
    0x08006db4   0x08006db4   0x00000334   Code   RO          326    .text               ft5206.o
    0x080070e8   0x080070e8   0x000003e4   Code   RO          346    .text               gt9147.o
    0x080074cc   0x080074cc   0x0000036c   Code   RO          362    .text               ott2001a.o
    0x08007838   0x08007838   0x00000ca4   Code   RO          378    .text               touch.o
    0x080084dc   0x080084dc   0x0000017a   Code   RO          402    .text               24cxx.o
    0x08008656   0x08008656   0x00000002   PAD
    0x08008658   0x08008658   0x00000098   Code   RO          414    .text               pwm.o
    0x080086f0   0x080086f0   0x00000130   Code   RO          429    .text               delay.o
    0x08008820   0x08008820   0x00000148   Code   RO          460    .text               usart.o
    0x08008968   0x08008968   0x00000040   Code   RO          496    .text               startup_stm32f10x_hd.o
    0x080089a8   0x080089a8   0x0000035c   Code   RO          500    .text               stm32f10x_gpio.o
    0x08008d04   0x08008d04   0x000003a4   Code   RO          512    .text               stm32f10x_rcc.o
    0x080090a8   0x080090a8   0x00000408   Code   RO          526    .text               stm32f10x_usart.o
    0x080094b0   0x080094b0   0x000000dc   Code   RO          538    .text               misc.o
    0x0800958c   0x0800958c   0x00000e1a   Code   RO          550    .text               stm32f10x_tim.o
    0x0800a3a6   0x0800a3a6   0x00000002   PAD
    0x0800a3a8   0x0800a3a8   0x00000890   Code   RO          562    .text               os_core.o
    0x0800ac38   0x0800ac38   0x0000080c   Code   RO          582    .text               os_flag.o
    0x0800b444   0x0800b444   0x000003cc   Code   RO          594    .text               os_mbox.o
    0x0800b810   0x0800b810   0x000005e8   Code   RO          624    .text               os_q.o
    0x0800bdf8   0x0800bdf8   0x0000038c   Code   RO          636    .text               os_sem.o
    0x0800c184   0x0800c184   0x000007c4   Code   RO          648    .text               os_task.o
    0x0800c948   0x0800c948   0x000001b0   Code   RO          660    .text               os_time.o
    0x0800caf8   0x0800caf8   0x000000ae   Code   RO          678    .text               os_cpu_c.o
    0x0800cba6   0x0800cba6   0x00000002   PAD
    0x0800cba8   0x0800cba8   0x000000b4   Code   RO          700    .text               os_cpu_a.o
    0x0800cc5c   0x0800cc5c   0x00000074   Code   RO          703    .text               text.o
    0x0800ccd0   0x0800ccd0   0x000000f4   Code   RO          725    .text               image2lcd.o
    0x0800cdc4   0x0800cdc4   0x00000002   Code   RO          739    .text               c_w.l(use_no_semi_2.o)
    0x0800cdc6   0x0800cdc6   0x00000002   PAD
    0x0800cdc8   0x0800cdc8   0x00000018   Code   RO          743    .text               c_w.l(noretval__2printf.o)
    0x0800cde0   0x0800cde0   0x00000068   Code   RO          745    .text               c_w.l(__printf.o)
    0x0800ce48   0x0800ce48   0x00000052   Code   RO          747    .text               c_w.l(_printf_str.o)
    0x0800ce9a   0x0800ce9a   0x00000002   PAD
    0x0800ce9c   0x0800ce9c   0x00000078   Code   RO          749    .text               c_w.l(_printf_dec.o)
    0x0800cf14   0x0800cf14   0x00000058   Code   RO          754    .text               c_w.l(_printf_hex_int.o)
    0x0800cf6c   0x0800cf6c   0x0000003c   Code   RO          797    .text               c_w.l(rand.o)
    0x0800cfa8   0x0800cfa8   0x00000080   Code   RO          801    .text               c_w.l(strcmpv7m.o)
    0x0800d028   0x0800d028   0x00000006   Code   RO          803    .text               c_w.l(heapauxi.o)
    0x0800d02e   0x0800d02e   0x00000002   Code   RO          865    .text               c_w.l(use_no_semi.o)
    0x0800d030   0x0800d030   0x00000016   Code   RO          868    .text               c_w.l(_rserrno.o)
    0x0800d046   0x0800d046   0x000000b2   Code   RO          870    .text               c_w.l(_printf_intcommon.o)
    0x0800d0f8   0x0800d0f8   0x0000002c   Code   RO          872    .text               c_w.l(_printf_char.o)
    0x0800d124   0x0800d124   0x00000024   Code   RO          874    .text               c_w.l(_printf_char_file.o)
    0x0800d148   0x0800d148   0x00000008   Code   RO          953    .text               c_w.l(rt_errno_addr_intlibspace.o)
    0x0800d150   0x0800d150   0x00000030   Code   RO          955    .text               c_w.l(_printf_char_common.o)
    0x0800d180   0x0800d180   0x00000008   Code   RO          957    .text               c_w.l(ferror.o)
    0x0800d188   0x0800d188   0x00000008   Code   RO          965    .text               c_w.l(libspace.o)
    0x0800d190   0x0800d190   0x0000004a   Code   RO          968    .text               c_w.l(sys_stackheap_outer.o)
    0x0800d1da   0x0800d1da   0x00000012   Code   RO          972    .text               c_w.l(exit.o)
    0x0800d1ec   0x0800d1ec   0x0000004c   Code   RO          858    i.sqrt              m_ws.l(sqrt.o)
    0x0800d238   0x0800d238   0x00000150   Code   RO          807    x$fpl$dadd          fz_ws.l(daddsub_clz.o)
    0x0800d388   0x0800d388   0x00000018   Code   RO          922    x$fpl$dcmpinf       fz_ws.l(dcmpi.o)
    0x0800d3a0   0x0800d3a0   0x0000005a   Code   RO          813    x$fpl$dfixu         fz_ws.l(dfixu.o)
    0x0800d3fa   0x0800d3fa   0x0000002e   Code   RO          818    x$fpl$dflt          fz_ws.l(dflt_clz.o)
    0x0800d428   0x0800d428   0x00000026   Code   RO          817    x$fpl$dfltu         fz_ws.l(dflt_clz.o)
    0x0800d44e   0x0800d44e   0x00000002   PAD
    0x0800d450   0x0800d450   0x00000078   Code   RO          823    x$fpl$dleqf         fz_ws.l(dleqf.o)
    0x0800d4c8   0x0800d4c8   0x00000154   Code   RO          825    x$fpl$dmul          fz_ws.l(dmul.o)
    0x0800d61c   0x0800d61c   0x0000009c   Code   RO          924    x$fpl$dnaninf       fz_ws.l(dnaninf.o)
    0x0800d6b8   0x0800d6b8   0x0000000c   Code   RO          926    x$fpl$dretinf       fz_ws.l(dretinf.o)
    0x0800d6c4   0x0800d6c4   0x0000006c   Code   RO          827    x$fpl$drleqf        fz_ws.l(drleqf.o)
    0x0800d730   0x0800d730   0x00000016   Code   RO          808    x$fpl$drsb          fz_ws.l(daddsub_clz.o)
    0x0800d746   0x0800d746   0x00000002   PAD
    0x0800d748   0x0800d748   0x000001cc   Code   RO          928    x$fpl$dsqrt         fz_ws.l(dsqrt_noumaal.o)
    0x0800d914   0x0800d914   0x000001d4   Code   RO          809    x$fpl$dsub          fz_ws.l(daddsub_clz.o)
    0x0800dae8   0x0800dae8   0x00000056   Code   RO          829    x$fpl$f2d           fz_ws.l(f2d.o)
    0x0800db3e   0x0800db3e   0x00000002   PAD
    0x0800db40   0x0800db40   0x000000c4   Code   RO          831    x$fpl$fadd          fz_ws.l(faddsub_clz.o)
    0x0800dc04   0x0800dc04   0x00000184   Code   RO          838    x$fpl$fdiv          fz_ws.l(fdiv.o)
    0x0800dd88   0x0800dd88   0x00000036   Code   RO          841    x$fpl$ffix          fz_ws.l(ffix.o)
    0x0800ddbe   0x0800ddbe   0x00000002   PAD
    0x0800ddc0   0x0800ddc0   0x0000003e   Code   RO          845    x$fpl$ffixu         fz_ws.l(ffixu.o)
    0x0800ddfe   0x0800ddfe   0x00000002   PAD
    0x0800de00   0x0800de00   0x00000030   Code   RO          850    x$fpl$fflt          fz_ws.l(fflt_clz.o)
    0x0800de30   0x0800de30   0x00000026   Code   RO          849    x$fpl$ffltu         fz_ws.l(fflt_clz.o)
    0x0800de56   0x0800de56   0x00000002   PAD
    0x0800de58   0x0800de58   0x00000102   Code   RO          855    x$fpl$fmul          fz_ws.l(fmul.o)
    0x0800df5a   0x0800df5a   0x0000008c   Code   RO          930    x$fpl$fnaninf       fz_ws.l(fnaninf.o)
    0x0800dfe6   0x0800dfe6   0x0000000a   Code   RO          932    x$fpl$fretinf       fz_ws.l(fretinf.o)
    0x0800dff0   0x0800dff0   0x000000ea   Code   RO          833    x$fpl$fsub          fz_ws.l(faddsub_clz.o)
    0x0800e0da   0x0800e0da   0x00000000   Code   RO          934    x$fpl$usenofp       fz_ws.l(usenofp.o)
    0x0800e0da   0x0800e0da   0x000017c0   Data   RO          283    .constdata          lcd.o
    0x0800f89a   0x0800f89a   0x0000000a   Data   RO          327    .constdata          ft5206.o
    0x0800f8a4   0x0800f8a4   0x000000c2   Data   RO          347    .constdata          gt9147.o
    0x0800f966   0x0800f966   0x0000000a   Data   RO          363    .constdata          ott2001a.o
    0x0800f970   0x0800f970   0x0000000c   Data   RO          379    .constdata          touch.o
    0x0800f97c   0x0800f97c   0x00000100   Data   RO          564    .constdata          os_core.o
    0x0800fa7c   0x0800fa7c   0x00000288   Data   RO          704    .constdata          text.o
    0x0800fd04   0x0800fd04   0x00025808   Data   RO          718    .constdata          image1.o
    0x0803550c   0x0803550c   0x00000028   Data   RO          755    .constdata          c_w.l(_printf_hex_int.o)
    0x08035534   0x08035534   0x00000079   Data   RO          380    .conststring        touch.o
    0x080355ad   0x080355ad   0x00000003   PAD
    0x080355b0   0x080355b0   0x00000020   Data   RO         1051    Region$$Table       anon$$obj.o


    Execution Region RW_IRAM1 (Exec base: 0x20000000, Load base: 0x080355d0, Size: 0x00001ab8, Max: 0x0000c000, ABSOLUTE)

    Exec Addr    Load Addr    Size         Type   Attr      Idx    E Section Name        Object

    0x20000000   0x080355d0   0x00000054   Data   RW            3    .data               main.o
    0x20000054   0x08035624   0x00000014   Data   RW          227    .data               system_stm32f10x.o
    0x20000068   0x08035638   0x00000001   Data   RW          269    .data               key.o
    0x20000069   0x08035639   0x00000001   PAD
    0x2000006a   0x0803563a   0x00000004   Data   RW          284    .data               lcd.o
    0x2000006e   0x0803563e   0x00000001   Data   RW          328    .data               ft5206.o
    0x2000006f   0x0803563f   0x00000001   Data   RW          348    .data               gt9147.o
    0x20000070   0x08035640   0x00000001   Data   RW          364    .data               ott2001a.o
    0x20000071   0x08035641   0x00000003   PAD
    0x20000074   0x08035644   0x0000003c   Data   RW          381    .data               touch.o
    0x200000b0   0x08035680   0x00000004   Data   RW          430    .data               delay.o
    0x200000b4   0x08035684   0x00000006   Data   RW          462    .data               usart.o
    0x200000ba   0x0803568a   0x00000014   Data   RW          513    .data               stm32f10x_rcc.o
    0x200000ce   0x0803569e   0x00000002   PAD
    0x200000d0   0x080356a0   0x00000048   Data   RW          565    .data               os_core.o
    0x20000118        -       0x00000700   Zero   RW            2    .bss                main.o
    0x20000818        -       0x0000000e   Zero   RW          282    .bss                lcd.o
    0x20000826        -       0x000000c8   Zero   RW          461    .bss                usart.o
    0x200008ee   0x080356e8   0x00000002   PAD
    0x200008f0        -       0x00000a80   Zero   RW          563    .bss                os_core.o
    0x20001370        -       0x000000e4   Zero   RW          798    .bss                c_w.l(rand.o)
    0x20001454        -       0x00000060   Zero   RW          966    .bss                c_w.l(libspace.o)
    0x200014b4   0x080356e8   0x00000004   PAD
    0x200014b8        -       0x00000200   Zero   RW          494    HEAP                startup_stm32f10x_hd.o
    0x200016b8        -       0x00000400   Zero   RW          493    STACK               startup_stm32f10x_hd.o


==============================================================================

Image component sizes


      Code (inc. data)   RO Data    RW Data    ZI Data      Debug   Object Name

       378          0          0          0          0       2814   24cxx.o
       608         18          0          0          0       2029   ctiic.o
       304         24          0          4          0       1789   delay.o
       820         36         10          1          0       2547   ft5206.o
       996         70        194          1          0       2950   gt9147.o
         0          0     153608          0          0        456   image1.o
       244         14          0          0          0       1758   image2lcd.o
       252         16          0          1          0        844   key.o
     22598        208       6080          4         14      25035   lcd.o
        80          8          0          0          0        503   led.o
      2956        106          0         84       1792     266551   main.o
       220         22          0          0          0       1813   misc.o
       600         12          0          0          0       1884   myiic.o
      2192        218        256         72       2688      15007   os_core.o
       180         36          0          0          0        320   os_cpu_a.o
       174          0          0          0          0      10434   os_cpu_c.o
      2060         42          0          0          0       7116   os_flag.o
       972         16          0          0          0       4322   os_mbox.o
      1512         30          0          0          0       5781   os_q.o
       908         18          0          0          0       4054   os_sem.o
      1988         70          0          0          0       7801   os_task.o
       432         30          0          0          0       1854   os_time.o
       876         56         10          1          0       2723   ott2001a.o
       152          8          0          0          0        744   pwm.o
        64         26        304          0       1536        788   startup_stm32f10x_hd.o
       860         38          0          0          0       5745   stm32f10x_gpio.o
        22          0          0          0          0       1003   stm32f10x_it.o
       932         36          0         20          0       8932   stm32f10x_rcc.o
      3610         88          0          0          0      22856   stm32f10x_tim.o
      1032         22          0          0          0       8472   stm32f10x_usart.o
         0          0          0          0          0         32   sys.o
       480         38          0         20          0       1755   system_stm32f10x.o
       116          4        648          0          0       1328   text.o
      3236        202        133         60          0       6759   touch.o
       328         16          0          6        200       3202   usart.o

    ----------------------------------------------------------------------
     52192       1528     161278        280       6232     432001   Object Totals
         0          0         32          0          0          0   (incl. Generated)
        10          0          3          6          2          0   (incl. Padding)

    ----------------------------------------------------------------------

      Code (inc. data)   RO Data    RW Data    ZI Data      Debug   Library Member Name

         8          0          0          0          0         68   __main.o
       104          0          0          0          0         84   __printf.o
         0          0          0          0          0          0   __rtentry.o
        12          0          0          0          0          0   __rtentry2.o
         6          0          0          0          0          0   __rtentry4.o
        52          8          0          0          0          0   __scatter.o
        26          0          0          0          0          0   __scatter_copy.o
        28          0          0          0          0          0   __scatter_zi.o
        44          0          0          0          0        108   _printf_char.o
        48          6          0          0          0         96   _printf_char_common.o
        36          4          0          0          0         80   _printf_char_file.o
         6          0          0          0          0          0   _printf_d.o
       120         16          0          0          0         92   _printf_dec.o
        88          4         40          0          0         88   _printf_hex_int.o
       178          0          0          0          0         88   _printf_intcommon.o
         0          0          0          0          0          0   _printf_percent.o
         4          0          0          0          0          0   _printf_percent_end.o
         6          0          0          0          0          0   _printf_s.o
        82          0          0          0          0         80   _printf_str.o
         6          0          0          0          0          0   _printf_x.o
        22          0          0          0          0        100   _rserrno.o
        18          0          0          0          0         80   exit.o
         8          0          0          0          0         68   ferror.o
         6          0          0          0          0        152   heapauxi.o
         2          0          0          0          0          0   libinit.o
         6          0          0          0          0          0   libinit2.o
         2          0          0          0          0          0   libshutdown.o
         2          0          0          0          0          0   libshutdown2.o
         8          4          0          0         96         68   libspace.o
        24          4          0          0          0         84   noretval__2printf.o
        60         14          0          0        228         92   rand.o
         8          4          0          0          0         68   rt_errno_addr_intlibspace.o
         2          0          0          0          0          0   rtexit.o
        10          0          0          0          0          0   rtexit2.o
       128          0          0          0          0         68   strcmpv7m.o
        74          0          0          0          0         80   sys_stackheap_outer.o
         2          0          0          0          0         68   use_no_semi.o
         2          0          0          0          0         68   use_no_semi_2.o
       826         16          0          0          0        348   daddsub_clz.o
        24          0          0          0          0         68   dcmpi.o
        90          4          0          0          0         92   dfixu.o
        84          0          0          0          0        136   dflt_clz.o
       120          4          0          0          0         92   dleqf.o
       340         12          0          0          0        104   dmul.o
       156          4          0          0          0         92   dnaninf.o
        12          0          0          0          0         68   dretinf.o
       108          0          0          0          0         80   drleqf.o
       460         56          0          0          0        120   dsqrt_noumaal.o
        86          4          0          0          0         84   f2d.o
       430          8          0          0          0        168   faddsub_clz.o
       388         76          0          0          0         96   fdiv.o
        54          4          0          0          0         84   ffix.o
        62          4          0          0          0         84   ffixu.o
        86          0          0          0          0        136   fflt_clz.o
       258          4          0          0          0         84   fmul.o
       140          4          0          0          0         84   fnaninf.o
        10          0          0          0          0         68   fretinf.o
         0          0          0          0          0          0   usenofp.o
        76          0          0          0          0         84   sqrt.o

    ----------------------------------------------------------------------
      5066        264         40          0        328       3952   Library Totals
        18          0          0          0          4          0   (incl. Padding)

    ----------------------------------------------------------------------

      Code (inc. data)   RO Data    RW Data    ZI Data      Debug   Library Name

      1238         64         40          0        324       1780   c_w.l
      3734        200          0          0          0       2088   fz_ws.l
        76          0          0          0          0         84   m_ws.l

    ----------------------------------------------------------------------
      5066        264         40          0        328       3952   Library Totals

    ----------------------------------------------------------------------

==============================================================================


      Code (inc. data)   RO Data    RW Data    ZI Data      Debug   

     57258       1792     161318        280       6560     431425   Grand Totals
     57258       1792     161318        280       6560     431425   ELF Image Totals
     57258       1792     161318        280          0          0   ROM Totals

==============================================================================

    Total RO  Size (Code + RO Data)               218576 ( 213.45kB)
    Total RW  Size (RW Data + ZI Data)              6840 (   6.68kB)
    Total ROM Size (Code + RO Data + RW Data)     218856 ( 213.73kB)

==============================================================================

